RAM Allocation [bytes]
Variable                                                                          Address   Size
------------------------------------------------------------------------------------------------
A0                                                                                0x0200      48
A1                                                                                0x0230      48
A2                                                                                0x0260      48
A3                                                                                0x0290      16
Tout                                                                              0x02A0       4
TABA                                                                              0x02A4       8
Z                                                                                 0x02AC       4
H                                                                                 0x02B0       4
M                                                                                 0x02B4       4
S                                                                                 0x02B8       4
CONSUM                                                                            0x02BC      10
C3                                                                                0x02C6       1
C2                                                                                0x02C7       1
C1                                                                                0x02C8       1
CA                                                                                0x02C9       1
PowerLevel                                                                        0x02CA       2
CLC_LEVEL                                                                         0x02CC       4
CLC_RANGE_OUTPUT                                                                  0x02D0       4
cntP                                                                              0x02D4       1
cntMockPulse                                                                      0x02D5       1

EEPROM Allocation [bytes]
Variable                                                                          Address   Size
------------------------------------------------------------------------------------------------

Register Allocation
Variable                                                                          Register  Size
------------------------------------------------------------------------------------------------
S1                                                                                R4           1
cnt_time                                                                          R3           1
T_SEC                                                                             R6           1
S2                                                                                R5           1
S_PULSE                                                                           R8           1
MODE                                                                              R7           1
PULSE                                                                             R10          1
Q                                                                                 R9           1
Q1                                                                                R12          1
S3                                                                                R11          1
TOTAL_CONS                                                                        R14          1
C4                                                                                R13          1

FLASH Allocation [words]
Function                                                                          Address   Size
------------------------------------------------------------------------------------------------
timer0_ovf_isr                                                                    0x000E9     39
main                                                                              0x00110     93
Init                                                                              0x0016D      9
UpdateConsumption                                                                 0x00176     54
MockPULSE                                                                         0x001AC     27
DisplayConsumption                                                                0x001C7     60
DisplayDigit                                                                      0x00203     43
CLS                                                                               0x0022E    117
DisplayInfo                                                                       0x002A3      3
DisplayPowerLevel                                                                 0x002A6     27
DisplayConsumptionDisplayMode                                                     0x002C1    124
