RAM Allocation [bytes]
Variable                                                                          Address   Size
------------------------------------------------------------------------------------------------
A0                                                                                0x0200      48
A1                                                                                0x0230      48
A2                                                                                0x0260      48
A3                                                                                0x0290      16
Tout                                                                              0x02A0       4
TABA                                                                              0x02A4       8
S_PULSE                                                                           0x02AC       1
PULSE                                                                             0x02AD       1
Q                                                                                 0x02AE       1
Q1                                                                                0x02AF       1
S3                                                                                0x02B0       1
CONSUM                                                                            0x02B1       8
C4                                                                                0x02B9       1
C3                                                                                0x02BA       1
C2                                                                                0x02BB       1
C1                                                                                0x02BC       1
CA                                                                                0x02BD       1
PowerLevel                                                                        0x02BE       1
CLC_LEVEL                                                                         0x02BF       5
CLC_RANGE_OUTPUT                                                                  0x02C4       4
cntP                                                                              0x02C8       1
cntMockPulse                                                                      0x02C9       1

EEPROM Allocation [bytes]
Variable                                                                          Address   Size
------------------------------------------------------------------------------------------------

Register Allocation
Variable                                                                          Register  Size
------------------------------------------------------------------------------------------------
S1                                                                                R4           1
Z                                                                                 R5,R6        2
H                                                                                 R7,R8        2
M                                                                                 R9,R10       2
S                                                                                 R11,R12      2
cnt_time                                                                          R3           1
T_SEC                                                                             R14          1
S2                                                                                R13          1

FLASH Allocation [words]
Function                                                                          Address   Size
------------------------------------------------------------------------------------------------
timer0_ovf_isr                                                                    0x000E9     40
main                                                                              0x00111     95
Init                                                                              0x00170     16
UpdateConsumption                                                                 0x00180     58
MockPULSE                                                                         0x001BA     27
DisplayConsumption                                                                0x001D5     67
DisplayDigit                                                                      0x00218     39
CLS                                                                               0x0023F     72
DisplayInfo                                                                       0x00287      3
DisplayPowerLevel                                                                 0x0028A     44
DisplayConsumptionDisplayMode                                                     0x002B6    119
