RAM Allocation
Variable                                                          Address   Size
--------------------------------------------------------------------------------
A0                                                                0x0200      48
A1                                                                0x0230      48
A2                                                                0x0260      48
A3                                                                0x0290      16
Tout                                                              0x02A0       4
TABA                                                              0x02A4       8
modeFlag                                                          0x02AC       1
Q                                                                 0x02AD       1
Q1                                                                0x02AE       1
S3                                                                0x02AF       1
CONSUM                                                            0x02B0      10
C4                                                                0x02BA       1
C3                                                                0x02BB       1
C2                                                                0x02BC       1
C1                                                                0x02BD       1
CA                                                                0x02BE       1
PowerLevel                                                        0x02BF       1
CLC_LEVEL                                                         0x02C0       4
CLC_RANGE_OUTPUT                                                  0x02C4       4
cntP                                                              0x02C8       1

EEPROM Allocation
Variable                                                          Address   Size
--------------------------------------------------------------------------------

Register Allocation
Variable                                                          Register  Size
--------------------------------------------------------------------------------
S1                                                                R4           1
Z                                                                 R3           1
H                                                                 R6           1
M                                                                 R5           1
S                                                                 R8           1
cnt_time                                                          R7           1
T_SEC                                                             R10          1
S2                                                                R9           1
PULSE                                                             R12          1
S_PULSE                                                           R11          1
cntMockPulse                                                      R14          1
MODE                                                              R13          1
