RAM Allocation [bytes]
Variable                                                                          Address   Size
------------------------------------------------------------------------------------------------
A0                                                                                0x0200      48
A1                                                                                0x0230      48
A2                                                                                0x0260      48
A3                                                                                0x0290      16
TABA                                                                              0x02A0       8
Z                                                                                 0x02A8       4
H                                                                                 0x02AC       4
M                                                                                 0x02B0       4
S                                                                                 0x02B4       4
CONSUM                                                                            0x02B8      10
C3                                                                                0x02C2       1
C2                                                                                0x02C3       1
C1                                                                                0x02C4       1
CA                                                                                0x02C5       1
outPower                                                                          0x02C6       1
pulsesNumber                                                                      0x02C7       1
CLC_RANGE_OUTPUT                                                                  0x02C8       4
cntP                                                                              0x02CC       1

EEPROM Allocation [bytes]
Variable                                                                          Address   Size
------------------------------------------------------------------------------------------------

Register Allocation
Variable                                                                          Register  Size
------------------------------------------------------------------------------------------------
S1                                                                                R4           1
cnt_time                                                                          R3           1
T_SEC                                                                             R6           1
S2                                                                                R5           1
PULSE                                                                             R8           1
S_PULSE                                                                           R7           1
MODE                                                                              R10          1
modeFlag                                                                          R9           1
Q                                                                                 R12          1
Q1                                                                                R11          1
S3                                                                                R14          1
C4                                                                                R13          1

FLASH Allocation [words]
Function                                                                          Address   Size
------------------------------------------------------------------------------------------------
timer0_ovf_isr                                                                    0x000E1     54
main                                                                              0x00117     92
Init                                                                              0x00173     12
UpdateConsumption                                                                 0x0017F     68
DisplayConsumption                                                                0x001C3     65
DisplayDigit                                                                      0x00204     43
UpdateTime                                                                        0x0022F    137
CLS                                                                               0x002B8     84
DisplayConsumptionDisplayMode                                                     0x0030C    127
