RAM Allocation [bytes]
Variable                                                                          Address   Size
------------------------------------------------------------------------------------------------
A0                                                                                0x0200      48
A1                                                                                0x0230      48
A2                                                                                0x0260      48
A3                                                                                0x0290      16
TABA                                                                              0x02A0       8
Z                                                                                 0x02A8       4
H                                                                                 0x02AC       4
M                                                                                 0x02B0       4
S                                                                                 0x02B4       4
CONSUM                                                                            0x02B8      10
C3                                                                                0x02C2       1
C2                                                                                0x02C3       1
C1                                                                                0x02C4       1
CA                                                                                0x02C5       1
PowerLevel                                                                        0x02C6       1
CLC_LEVEL                                                                         0x02C7       4
CLC_RANGE_OUTPUT                                                                  0x02CB       4
cntP                                                                              0x02CF       1

EEPROM Allocation [bytes]
Variable                                                                          Address   Size
------------------------------------------------------------------------------------------------

Register Allocation
Variable                                                                          Register  Size
------------------------------------------------------------------------------------------------
S1                                                                                R4           1
cnt_time                                                                          R3           1
T_SEC                                                                             R6           1
S2                                                                                R5           1
PULSE                                                                             R8           1
S_PULSE                                                                           R7           1
MODE                                                                              R10          1
modeFlag                                                                          R9           1
Q                                                                                 R12          1
Q1                                                                                R11          1
S3                                                                                R14          1
C4                                                                                R13          1

FLASH Allocation [words]
Function                                                                          Address   Size
------------------------------------------------------------------------------------------------
timer0_ovf_isr                                                                    0x000E2     37
main                                                                              0x00107     92
Init                                                                              0x00163     12
UpdateConsumption                                                                 0x0016F     63
DisplayConsumption                                                                0x001AE     65
DisplayDigit                                                                      0x001EF     43
UpdateTime                                                                        0x0021A    137
CLS                                                                               0x002A3     84
DisplayInfo                                                                       0x002F7      3
DisplayPowerLevel                                                                 0x002FA     27
DisplayConsumptionDisplayMode                                                     0x00315    124
