
AVRASM ver. 2.1.30  D:\GithubRepos\Electricity-Consumption-Meter\TestingProjects\ATmegaTests\MultiplexingTest\SourceCode\Release\List\main.asm Sun Mar 19 00:58:34 2023

D:\GithubRepos\Electricity-Consumption-Meter\TestingProjects\ATmegaTests\MultiplexingTest\SourceCode\Release\List\main.asm(1074): warning: Register r4 already defined by the .DEF directive
D:\GithubRepos\Electricity-Consumption-Meter\TestingProjects\ATmegaTests\MultiplexingTest\SourceCode\Release\List\main.asm(1075): warning: Register r3 already defined by the .DEF directive
D:\GithubRepos\Electricity-Consumption-Meter\TestingProjects\ATmegaTests\MultiplexingTest\SourceCode\Release\List\main.asm(1076): warning: Register r6 already defined by the .DEF directive
D:\GithubRepos\Electricity-Consumption-Meter\TestingProjects\ATmegaTests\MultiplexingTest\SourceCode\Release\List\main.asm(1077): warning: Register r5 already defined by the .DEF directive
D:\GithubRepos\Electricity-Consumption-Meter\TestingProjects\ATmegaTests\MultiplexingTest\SourceCode\Release\List\main.asm(1078): warning: Register r8 already defined by the .DEF directive
D:\GithubRepos\Electricity-Consumption-Meter\TestingProjects\ATmegaTests\MultiplexingTest\SourceCode\Release\List\main.asm(1079): warning: Register r7 already defined by the .DEF directive
D:\GithubRepos\Electricity-Consumption-Meter\TestingProjects\ATmegaTests\MultiplexingTest\SourceCode\Release\List\main.asm(1080): warning: Register r10 already defined by the .DEF directive
D:\GithubRepos\Electricity-Consumption-Meter\TestingProjects\ATmegaTests\MultiplexingTest\SourceCode\Release\List\main.asm(1081): warning: Register r9 already defined by the .DEF directive
D:\GithubRepos\Electricity-Consumption-Meter\TestingProjects\ATmegaTests\MultiplexingTest\SourceCode\Release\List\main.asm(1082): warning: Register r12 already defined by the .DEF directive
D:\GithubRepos\Electricity-Consumption-Meter\TestingProjects\ATmegaTests\MultiplexingTest\SourceCode\Release\List\main.asm(1083): warning: Register r11 already defined by the .DEF directive
D:\GithubRepos\Electricity-Consumption-Meter\TestingProjects\ATmegaTests\MultiplexingTest\SourceCode\Release\List\main.asm(1084): warning: Register r14 already defined by the .DEF directive
D:\GithubRepos\Electricity-Consumption-Meter\TestingProjects\ATmegaTests\MultiplexingTest\SourceCode\Release\List\main.asm(1085): warning: Register r13 already defined by the .DEF directive
                 
                 
                 ;CodeVisionAVR C Compiler V2.05.6 Evaluation
                 ;(C) Copyright 1998-2012 Pavel Haiduc, HP InfoTech s.r.l.
                 ;http://www.hpinfotech.com
                 
                 ;Chip type              : ATmega164A
                 ;Program type           : Application
                 ;Clock frequency        : 10.000000 MHz
                 ;Memory model           : Small
                 ;Optimize for           : Size
                 ;(s)printf features     : int, width
                 ;(s)scanf features      : int, width
                 ;External RAM size      : 0
                 ;Data Stack size        : 256 byte(s)
                 ;Heap size              : 0 byte(s)
                 ;Promote 'char' to 'int': Yes
                 ;'char' is unsigned     : Yes
                 ;8 bit enums            : Yes
                 ;Global 'const' stored in FLASH: Yes
                 ;Enhanced function parameter passing: Yes
                 ;Enhanced core instructions: On
                 ;Automatic register allocation for global variables: On
                 ;Smart register allocation: On
                 
                 	#pragma AVRPART ADMIN PART_NAME ATmega164A
                 	#pragma AVRPART MEMORY PROG_FLASH 16384
                 	#pragma AVRPART MEMORY EEPROM 512
                 	#pragma AVRPART MEMORY INT_SRAM SIZE 1024
                 	#pragma AVRPART MEMORY INT_SRAM START_ADDR 0x100
                 
                 	#define CALL_SUPPORTED 1
                 
                 	.LISTMAC
                 	.EQU EERE=0x0
                 	.EQU EEWE=0x1
                 	.EQU EEMWE=0x2
                 	.EQU UDRE=0x5
                 	.EQU RXC=0x7
                 	.EQU EECR=0x1F
                 	.EQU EEDR=0x20
                 	.EQU EEARL=0x21
                 	.EQU EEARH=0x22
                 	.EQU SPSR=0x2D
                 	.EQU SPDR=0x2E
                 	.EQU SMCR=0x33
                 	.EQU MCUSR=0x34
                 	.EQU MCUCR=0x35
                 	.EQU WDTCSR=0x60
                 	.EQU UCSR0A=0xC0
                 	.EQU UDR0=0xC6
                 	.EQU SPL=0x3D
                 	.EQU SPH=0x3E
                 	.EQU SREG=0x3F
                 	.EQU GPIOR0=0x1E
                 
                 	.DEF R0X0=R0
                 	.DEF R0X1=R1
                 	.DEF R0X2=R2
                 	.DEF R0X3=R3
                 	.DEF R0X4=R4
                 	.DEF R0X5=R5
                 	.DEF R0X6=R6
                 	.DEF R0X7=R7
                 	.DEF R0X8=R8
                 	.DEF R0X9=R9
                 	.DEF R0XA=R10
                 	.DEF R0XB=R11
                 	.DEF R0XC=R12
                 	.DEF R0XD=R13
                 	.DEF R0XE=R14
                 	.DEF R0XF=R15
                 	.DEF R0X10=R16
                 	.DEF R0X11=R17
                 	.DEF R0X12=R18
                 	.DEF R0X13=R19
                 	.DEF R0X14=R20
                 	.DEF R0X15=R21
                 	.DEF R0X16=R22
                 	.DEF R0X17=R23
                 	.DEF R0X18=R24
                 	.DEF R0X19=R25
                 	.DEF R0X1A=R26
                 	.DEF R0X1B=R27
                 	.DEF R0X1C=R28
                 	.DEF R0X1D=R29
                 	.DEF R0X1E=R30
                 	.DEF R0X1F=R31
                 
                 	.EQU __SRAM_START=0x0100
                 	.EQU __SRAM_END=0x04FF
                 	.EQU __DSTACK_SIZE=0x0100
                 	.EQU __HEAP_SIZE=0x0000
                 	.EQU __CLEAR_SRAM_SIZE=__SRAM_END-__SRAM_START+1
                 
                 	.MACRO __CPD1N
                 	CPI  R30,LOW(@0)
                 	LDI  R26,HIGH(@0)
                 	CPC  R31,R26
                 	LDI  R26,BYTE3(@0)
                 	CPC  R22,R26
                 	LDI  R26,BYTE4(@0)
                 	CPC  R23,R26
                 	.ENDM
                 
                 	.MACRO __CPD2N
                 	CPI  R26,LOW(@0)
                 	LDI  R30,HIGH(@0)
                 	CPC  R27,R30
                 	LDI  R30,BYTE3(@0)
                 	CPC  R24,R30
                 	LDI  R30,BYTE4(@0)
                 	CPC  R25,R30
                 	.ENDM
                 
                 	.MACRO __CPWRR
                 	CP   R@0,R@2
                 	CPC  R@1,R@3
                 	.ENDM
                 
                 	.MACRO __CPWRN
                 	CPI  R@0,LOW(@2)
                 	LDI  R30,HIGH(@2)
                 	CPC  R@1,R30
                 	.ENDM
                 
                 	.MACRO __ADDB1MN
                 	SUBI R30,LOW(-@0-(@1))
                 	.ENDM
                 
                 	.MACRO __ADDB2MN
                 	SUBI R26,LOW(-@0-(@1))
                 	.ENDM
                 
                 	.MACRO __ADDW1MN
                 	SUBI R30,LOW(-@0-(@1))
                 	SBCI R31,HIGH(-@0-(@1))
                 	.ENDM
                 
                 	.MACRO __ADDW2MN
                 	SUBI R26,LOW(-@0-(@1))
                 	SBCI R27,HIGH(-@0-(@1))
                 	.ENDM
                 
                 	.MACRO __ADDW1FN
                 	SUBI R30,LOW(-2*@0-(@1))
                 	SBCI R31,HIGH(-2*@0-(@1))
                 	.ENDM
                 
                 	.MACRO __ADDD1FN
                 	SUBI R30,LOW(-2*@0-(@1))
                 	SBCI R31,HIGH(-2*@0-(@1))
                 	SBCI R22,BYTE3(-2*@0-(@1))
                 	.ENDM
                 
                 	.MACRO __ADDD1N
                 	SUBI R30,LOW(-@0)
                 	SBCI R31,HIGH(-@0)
                 	SBCI R22,BYTE3(-@0)
                 	SBCI R23,BYTE4(-@0)
                 	.ENDM
                 
                 	.MACRO __ADDD2N
                 	SUBI R26,LOW(-@0)
                 	SBCI R27,HIGH(-@0)
                 	SBCI R24,BYTE3(-@0)
                 	SBCI R25,BYTE4(-@0)
                 	.ENDM
                 
                 	.MACRO __SUBD1N
                 	SUBI R30,LOW(@0)
                 	SBCI R31,HIGH(@0)
                 	SBCI R22,BYTE3(@0)
                 	SBCI R23,BYTE4(@0)
                 	.ENDM
                 
                 	.MACRO __SUBD2N
                 	SUBI R26,LOW(@0)
                 	SBCI R27,HIGH(@0)
                 	SBCI R24,BYTE3(@0)
                 	SBCI R25,BYTE4(@0)
                 	.ENDM
                 
                 	.MACRO __ANDBMNN
                 	LDS  R30,@0+(@1)
                 	ANDI R30,LOW(@2)
                 	STS  @0+(@1),R30
                 	.ENDM
                 
                 	.MACRO __ANDWMNN
                 	LDS  R30,@0+(@1)
                 	ANDI R30,LOW(@2)
                 	STS  @0+(@1),R30
                 	LDS  R30,@0+(@1)+1
                 	ANDI R30,HIGH(@2)
                 	STS  @0+(@1)+1,R30
                 	.ENDM
                 
                 	.MACRO __ANDD1N
                 	ANDI R30,LOW(@0)
                 	ANDI R31,HIGH(@0)
                 	ANDI R22,BYTE3(@0)
                 	ANDI R23,BYTE4(@0)
                 	.ENDM
                 
                 	.MACRO __ANDD2N
                 	ANDI R26,LOW(@0)
                 	ANDI R27,HIGH(@0)
                 	ANDI R24,BYTE3(@0)
                 	ANDI R25,BYTE4(@0)
                 	.ENDM
                 
                 	.MACRO __ORBMNN
                 	LDS  R30,@0+(@1)
                 	ORI  R30,LOW(@2)
                 	STS  @0+(@1),R30
                 	.ENDM
                 
                 	.MACRO __ORWMNN
                 	LDS  R30,@0+(@1)
                 	ORI  R30,LOW(@2)
                 	STS  @0+(@1),R30
                 	LDS  R30,@0+(@1)+1
                 	ORI  R30,HIGH(@2)
                 	STS  @0+(@1)+1,R30
                 	.ENDM
                 
                 	.MACRO __ORD1N
                 	ORI  R30,LOW(@0)
                 	ORI  R31,HIGH(@0)
                 	ORI  R22,BYTE3(@0)
                 	ORI  R23,BYTE4(@0)
                 	.ENDM
                 
                 	.MACRO __ORD2N
                 	ORI  R26,LOW(@0)
                 	ORI  R27,HIGH(@0)
                 	ORI  R24,BYTE3(@0)
                 	ORI  R25,BYTE4(@0)
                 	.ENDM
                 
                 	.MACRO __DELAY_USB
                 	LDI  R24,LOW(@0)
                 __DELAY_USB_LOOP:
                 	DEC  R24
                 	BRNE __DELAY_USB_LOOP
                 	.ENDM
                 
                 	.MACRO __DELAY_USW
                 	LDI  R24,LOW(@0)
                 	LDI  R25,HIGH(@0)
                 __DELAY_USW_LOOP:
                 	SBIW R24,1
                 	BRNE __DELAY_USW_LOOP
                 	.ENDM
                 
                 	.MACRO __GETD1S
                 	LDD  R30,Y+@0
                 	LDD  R31,Y+@0+1
                 	LDD  R22,Y+@0+2
                 	LDD  R23,Y+@0+3
                 	.ENDM
                 
                 	.MACRO __GETD2S
                 	LDD  R26,Y+@0
                 	LDD  R27,Y+@0+1
                 	LDD  R24,Y+@0+2
                 	LDD  R25,Y+@0+3
                 	.ENDM
                 
                 	.MACRO __PUTD1S
                 	STD  Y+@0,R30
                 	STD  Y+@0+1,R31
                 	STD  Y+@0+2,R22
                 	STD  Y+@0+3,R23
                 	.ENDM
                 
                 	.MACRO __PUTD2S
                 	STD  Y+@0,R26
                 	STD  Y+@0+1,R27
                 	STD  Y+@0+2,R24
                 	STD  Y+@0+3,R25
                 	.ENDM
                 
                 	.MACRO __PUTDZ2
                 	STD  Z+@0,R26
                 	STD  Z+@0+1,R27
                 	STD  Z+@0+2,R24
                 	STD  Z+@0+3,R25
                 	.ENDM
                 
                 	.MACRO __CLRD1S
                 	STD  Y+@0,R30
                 	STD  Y+@0+1,R30
                 	STD  Y+@0+2,R30
                 	STD  Y+@0+3,R30
                 	.ENDM
                 
                 	.MACRO __POINTB1MN
                 	LDI  R30,LOW(@0+(@1))
                 	.ENDM
                 
                 	.MACRO __POINTW1MN
                 	LDI  R30,LOW(@0+(@1))
                 	LDI  R31,HIGH(@0+(@1))
                 	.ENDM
                 
                 	.MACRO __POINTD1M
                 	LDI  R30,LOW(@0)
                 	LDI  R31,HIGH(@0)
                 	LDI  R22,BYTE3(@0)
                 	LDI  R23,BYTE4(@0)
                 	.ENDM
                 
                 	.MACRO __POINTW1FN
                 	LDI  R30,LOW(2*@0+(@1))
                 	LDI  R31,HIGH(2*@0+(@1))
                 	.ENDM
                 
                 	.MACRO __POINTD1FN
                 	LDI  R30,LOW(2*@0+(@1))
                 	LDI  R31,HIGH(2*@0+(@1))
                 	LDI  R22,BYTE3(2*@0+(@1))
                 	LDI  R23,BYTE4(2*@0+(@1))
                 	.ENDM
                 
                 	.MACRO __POINTB2MN
                 	LDI  R26,LOW(@0+(@1))
                 	.ENDM
                 
                 	.MACRO __POINTW2MN
                 	LDI  R26,LOW(@0+(@1))
                 	LDI  R27,HIGH(@0+(@1))
                 	.ENDM
                 
                 	.MACRO __POINTW2FN
                 	LDI  R26,LOW(2*@0+(@1))
                 	LDI  R27,HIGH(2*@0+(@1))
                 	.ENDM
                 
                 	.MACRO __POINTD2FN
                 	LDI  R26,LOW(2*@0+(@1))
                 	LDI  R27,HIGH(2*@0+(@1))
                 	LDI  R24,BYTE3(2*@0+(@1))
                 	LDI  R25,BYTE4(2*@0+(@1))
                 	.ENDM
                 
                 	.MACRO __POINTBRM
                 	LDI  R@0,LOW(@1)
                 	.ENDM
                 
                 	.MACRO __POINTWRM
                 	LDI  R@0,LOW(@2)
                 	LDI  R@1,HIGH(@2)
                 	.ENDM
                 
                 	.MACRO __POINTBRMN
                 	LDI  R@0,LOW(@1+(@2))
                 	.ENDM
                 
                 	.MACRO __POINTWRMN
                 	LDI  R@0,LOW(@2+(@3))
                 	LDI  R@1,HIGH(@2+(@3))
                 	.ENDM
                 
                 	.MACRO __POINTWRFN
                 	LDI  R@0,LOW(@2*2+(@3))
                 	LDI  R@1,HIGH(@2*2+(@3))
                 	.ENDM
                 
                 	.MACRO __GETD1N
                 	LDI  R30,LOW(@0)
                 	LDI  R31,HIGH(@0)
                 	LDI  R22,BYTE3(@0)
                 	LDI  R23,BYTE4(@0)
                 	.ENDM
                 
                 	.MACRO __GETD2N
                 	LDI  R26,LOW(@0)
                 	LDI  R27,HIGH(@0)
                 	LDI  R24,BYTE3(@0)
                 	LDI  R25,BYTE4(@0)
                 	.ENDM
                 
                 	.MACRO __GETB1MN
                 	LDS  R30,@0+(@1)
                 	.ENDM
                 
                 	.MACRO __GETB1HMN
                 	LDS  R31,@0+(@1)
                 	.ENDM
                 
                 	.MACRO __GETW1MN
                 	LDS  R30,@0+(@1)
                 	LDS  R31,@0+(@1)+1
                 	.ENDM
                 
                 	.MACRO __GETD1MN
                 	LDS  R30,@0+(@1)
                 	LDS  R31,@0+(@1)+1
                 	LDS  R22,@0+(@1)+2
                 	LDS  R23,@0+(@1)+3
                 	.ENDM
                 
                 	.MACRO __GETBRMN
                 	LDS  R@0,@1+(@2)
                 	.ENDM
                 
                 	.MACRO __GETWRMN
                 	LDS  R@0,@2+(@3)
                 	LDS  R@1,@2+(@3)+1
                 	.ENDM
                 
                 	.MACRO __GETWRZ
                 	LDD  R@0,Z+@2
                 	LDD  R@1,Z+@2+1
                 	.ENDM
                 
                 	.MACRO __GETD2Z
                 	LDD  R26,Z+@0
                 	LDD  R27,Z+@0+1
                 	LDD  R24,Z+@0+2
                 	LDD  R25,Z+@0+3
                 	.ENDM
                 
                 	.MACRO __GETB2MN
                 	LDS  R26,@0+(@1)
                 	.ENDM
                 
                 	.MACRO __GETW2MN
                 	LDS  R26,@0+(@1)
                 	LDS  R27,@0+(@1)+1
                 	.ENDM
                 
                 	.MACRO __GETD2MN
                 	LDS  R26,@0+(@1)
                 	LDS  R27,@0+(@1)+1
                 	LDS  R24,@0+(@1)+2
                 	LDS  R25,@0+(@1)+3
                 	.ENDM
                 
                 	.MACRO __PUTB1MN
                 	STS  @0+(@1),R30
                 	.ENDM
                 
                 	.MACRO __PUTW1MN
                 	STS  @0+(@1),R30
                 	STS  @0+(@1)+1,R31
                 	.ENDM
                 
                 	.MACRO __PUTD1MN
                 	STS  @0+(@1),R30
                 	STS  @0+(@1)+1,R31
                 	STS  @0+(@1)+2,R22
                 	STS  @0+(@1)+3,R23
                 	.ENDM
                 
                 	.MACRO __PUTB1EN
                 	LDI  R26,LOW(@0+(@1))
                 	LDI  R27,HIGH(@0+(@1))
                 	CALL __EEPROMWRB
                 	.ENDM
                 
                 	.MACRO __PUTW1EN
                 	LDI  R26,LOW(@0+(@1))
                 	LDI  R27,HIGH(@0+(@1))
                 	CALL __EEPROMWRW
                 	.ENDM
                 
                 	.MACRO __PUTD1EN
                 	LDI  R26,LOW(@0+(@1))
                 	LDI  R27,HIGH(@0+(@1))
                 	CALL __EEPROMWRD
                 	.ENDM
                 
                 	.MACRO __PUTBR0MN
                 	STS  @0+(@1),R0
                 	.ENDM
                 
                 	.MACRO __PUTBMRN
                 	STS  @0+(@1),R@2
                 	.ENDM
                 
                 	.MACRO __PUTWMRN
                 	STS  @0+(@1),R@2
                 	STS  @0+(@1)+1,R@3
                 	.ENDM
                 
                 	.MACRO __PUTBZR
                 	STD  Z+@1,R@0
                 	.ENDM
                 
                 	.MACRO __PUTWZR
                 	STD  Z+@2,R@0
                 	STD  Z+@2+1,R@1
                 	.ENDM
                 
                 	.MACRO __GETW1R
                 	MOV  R30,R@0
                 	MOV  R31,R@1
                 	.ENDM
                 
                 	.MACRO __GETW2R
                 	MOV  R26,R@0
                 	MOV  R27,R@1
                 	.ENDM
                 
                 	.MACRO __GETWRN
                 	LDI  R@0,LOW(@2)
                 	LDI  R@1,HIGH(@2)
                 	.ENDM
                 
                 	.MACRO __PUTW1R
                 	MOV  R@0,R30
                 	MOV  R@1,R31
                 	.ENDM
                 
                 	.MACRO __PUTW2R
                 	MOV  R@0,R26
                 	MOV  R@1,R27
                 	.ENDM
                 
                 	.MACRO __ADDWRN
                 	SUBI R@0,LOW(-@2)
                 	SBCI R@1,HIGH(-@2)
                 	.ENDM
                 
                 	.MACRO __ADDWRR
                 	ADD  R@0,R@2
                 	ADC  R@1,R@3
                 	.ENDM
                 
                 	.MACRO __SUBWRN
                 	SUBI R@0,LOW(@2)
                 	SBCI R@1,HIGH(@2)
                 	.ENDM
                 
                 	.MACRO __SUBWRR
                 	SUB  R@0,R@2
                 	SBC  R@1,R@3
                 	.ENDM
                 
                 	.MACRO __ANDWRN
                 	ANDI R@0,LOW(@2)
                 	ANDI R@1,HIGH(@2)
                 	.ENDM
                 
                 	.MACRO __ANDWRR
                 	AND  R@0,R@2
                 	AND  R@1,R@3
                 	.ENDM
                 
                 	.MACRO __ORWRN
                 	ORI  R@0,LOW(@2)
                 	ORI  R@1,HIGH(@2)
                 	.ENDM
                 
                 	.MACRO __ORWRR
                 	OR   R@0,R@2
                 	OR   R@1,R@3
                 	.ENDM
                 
                 	.MACRO __EORWRR
                 	EOR  R@0,R@2
                 	EOR  R@1,R@3
                 	.ENDM
                 
                 	.MACRO __GETWRS
                 	LDD  R@0,Y+@2
                 	LDD  R@1,Y+@2+1
                 	.ENDM
                 
                 	.MACRO __PUTBSR
                 	STD  Y+@1,R@0
                 	.ENDM
                 
                 	.MACRO __PUTWSR
                 	STD  Y+@2,R@0
                 	STD  Y+@2+1,R@1
                 	.ENDM
                 
                 	.MACRO __MOVEWRR
                 	MOV  R@0,R@2
                 	MOV  R@1,R@3
                 	.ENDM
                 
                 	.MACRO __INWR
                 	IN   R@0,@2
                 	IN   R@1,@2+1
                 	.ENDM
                 
                 	.MACRO __OUTWR
                 	OUT  @2+1,R@1
                 	OUT  @2,R@0
                 	.ENDM
                 
                 	.MACRO __CALL1MN
                 	LDS  R30,@0+(@1)
                 	LDS  R31,@0+(@1)+1
                 	ICALL
                 	.ENDM
                 
                 	.MACRO __CALL1FN
                 	LDI  R30,LOW(2*@0+(@1))
                 	LDI  R31,HIGH(2*@0+(@1))
                 	CALL __GETW1PF
                 	ICALL
                 	.ENDM
                 
                 	.MACRO __CALL2EN
                 	LDI  R26,LOW(@0+(@1))
                 	LDI  R27,HIGH(@0+(@1))
                 	CALL __EEPROMRDW
                 	ICALL
                 	.ENDM
                 
                 	.MACRO __GETW1STACK
                 	IN   R26,SPL
                 	IN   R27,SPH
                 	ADIW R26,@0+1
                 	LD   R30,X+
                 	LD   R31,X
                 	.ENDM
                 
                 	.MACRO __GETD1STACK
                 	IN   R26,SPL
                 	IN   R27,SPH
                 	ADIW R26,@0+1
                 	LD   R30,X+
                 	LD   R31,X+
                 	LD   R22,X
                 	.ENDM
                 
                 	.MACRO __NBST
                 	BST  R@0,@1
                 	IN   R30,SREG
                 	LDI  R31,0x40
                 	EOR  R30,R31
                 	OUT  SREG,R30
                 	.ENDM
                 
                 
                 	.MACRO __PUTB1SN
                 	LDD  R26,Y+@0
                 	LDD  R27,Y+@0+1
                 	SUBI R26,LOW(-@1)
                 	SBCI R27,HIGH(-@1)
                 	ST   X,R30
                 	.ENDM
                 
                 	.MACRO __PUTW1SN
                 	LDD  R26,Y+@0
                 	LDD  R27,Y+@0+1
                 	SUBI R26,LOW(-@1)
                 	SBCI R27,HIGH(-@1)
                 	ST   X+,R30
                 	ST   X,R31
                 	.ENDM
                 
                 	.MACRO __PUTD1SN
                 	LDD  R26,Y+@0
                 	LDD  R27,Y+@0+1
                 	SUBI R26,LOW(-@1)
                 	SBCI R27,HIGH(-@1)
                 	CALL __PUTDP1
                 	.ENDM
                 
                 	.MACRO __PUTB1SNS
                 	LDD  R26,Y+@0
                 	LDD  R27,Y+@0+1
                 	ADIW R26,@1
                 	ST   X,R30
                 	.ENDM
                 
                 	.MACRO __PUTW1SNS
                 	LDD  R26,Y+@0
                 	LDD  R27,Y+@0+1
                 	ADIW R26,@1
                 	ST   X+,R30
                 	ST   X,R31
                 	.ENDM
                 
                 	.MACRO __PUTD1SNS
                 	LDD  R26,Y+@0
                 	LDD  R27,Y+@0+1
                 	ADIW R26,@1
                 	CALL __PUTDP1
                 	.ENDM
                 
                 	.MACRO __PUTB1PMN
                 	LDS  R26,@0
                 	LDS  R27,@0+1
                 	SUBI R26,LOW(-@1)
                 	SBCI R27,HIGH(-@1)
                 	ST   X,R30
                 	.ENDM
                 
                 	.MACRO __PUTW1PMN
                 	LDS  R26,@0
                 	LDS  R27,@0+1
                 	SUBI R26,LOW(-@1)
                 	SBCI R27,HIGH(-@1)
                 	ST   X+,R30
                 	ST   X,R31
                 	.ENDM
                 
                 	.MACRO __PUTD1PMN
                 	LDS  R26,@0
                 	LDS  R27,@0+1
                 	SUBI R26,LOW(-@1)
                 	SBCI R27,HIGH(-@1)
                 	CALL __PUTDP1
                 	.ENDM
                 
                 	.MACRO __PUTB1PMNS
                 	LDS  R26,@0
                 	LDS  R27,@0+1
                 	ADIW R26,@1
                 	ST   X,R30
                 	.ENDM
                 
                 	.MACRO __PUTW1PMNS
                 	LDS  R26,@0
                 	LDS  R27,@0+1
                 	ADIW R26,@1
                 	ST   X+,R30
                 	ST   X,R31
                 	.ENDM
                 
                 	.MACRO __PUTD1PMNS
                 	LDS  R26,@0
                 	LDS  R27,@0+1
                 	ADIW R26,@1
                 	CALL __PUTDP1
                 	.ENDM
                 
                 	.MACRO __PUTB1RN
                 	MOVW R26,R@0
                 	SUBI R26,LOW(-@1)
                 	SBCI R27,HIGH(-@1)
                 	ST   X,R30
                 	.ENDM
                 
                 	.MACRO __PUTW1RN
                 	MOVW R26,R@0
                 	SUBI R26,LOW(-@1)
                 	SBCI R27,HIGH(-@1)
                 	ST   X+,R30
                 	ST   X,R31
                 	.ENDM
                 
                 	.MACRO __PUTD1RN
                 	MOVW R26,R@0
                 	SUBI R26,LOW(-@1)
                 	SBCI R27,HIGH(-@1)
                 	CALL __PUTDP1
                 	.ENDM
                 
                 	.MACRO __PUTB1RNS
                 	MOVW R26,R@0
                 	ADIW R26,@1
                 	ST   X,R30
                 	.ENDM
                 
                 	.MACRO __PUTW1RNS
                 	MOVW R26,R@0
                 	ADIW R26,@1
                 	ST   X+,R30
                 	ST   X,R31
                 	.ENDM
                 
                 	.MACRO __PUTD1RNS
                 	MOVW R26,R@0
                 	ADIW R26,@1
                 	CALL __PUTDP1
                 	.ENDM
                 
                 	.MACRO __PUTB1RON
                 	MOV  R26,R@0
                 	MOV  R27,R@1
                 	SUBI R26,LOW(-@2)
                 	SBCI R27,HIGH(-@2)
                 	ST   X,R30
                 	.ENDM
                 
                 	.MACRO __PUTW1RON
                 	MOV  R26,R@0
                 	MOV  R27,R@1
                 	SUBI R26,LOW(-@2)
                 	SBCI R27,HIGH(-@2)
                 	ST   X+,R30
                 	ST   X,R31
                 	.ENDM
                 
                 	.MACRO __PUTD1RON
                 	MOV  R26,R@0
                 	MOV  R27,R@1
                 	SUBI R26,LOW(-@2)
                 	SBCI R27,HIGH(-@2)
                 	CALL __PUTDP1
                 	.ENDM
                 
                 	.MACRO __PUTB1RONS
                 	MOV  R26,R@0
                 	MOV  R27,R@1
                 	ADIW R26,@2
                 	ST   X,R30
                 	.ENDM
                 
                 	.MACRO __PUTW1RONS
                 	MOV  R26,R@0
                 	MOV  R27,R@1
                 	ADIW R26,@2
                 	ST   X+,R30
                 	ST   X,R31
                 	.ENDM
                 
                 	.MACRO __PUTD1RONS
                 	MOV  R26,R@0
                 	MOV  R27,R@1
                 	ADIW R26,@2
                 	CALL __PUTDP1
                 	.ENDM
                 
                 
                 	.MACRO __GETB1SX
                 	MOVW R30,R28
                 	SUBI R30,LOW(-@0)
                 	SBCI R31,HIGH(-@0)
                 	LD   R30,Z
                 	.ENDM
                 
                 	.MACRO __GETB1HSX
                 	MOVW R30,R28
                 	SUBI R30,LOW(-@0)
                 	SBCI R31,HIGH(-@0)
                 	LD   R31,Z
                 	.ENDM
                 
                 	.MACRO __GETW1SX
                 	MOVW R30,R28
                 	SUBI R30,LOW(-@0)
                 	SBCI R31,HIGH(-@0)
                 	LD   R0,Z+
                 	LD   R31,Z
                 	MOV  R30,R0
                 	.ENDM
                 
                 	.MACRO __GETD1SX
                 	MOVW R30,R28
                 	SUBI R30,LOW(-@0)
                 	SBCI R31,HIGH(-@0)
                 	LD   R0,Z+
                 	LD   R1,Z+
                 	LD   R22,Z+
                 	LD   R23,Z
                 	MOVW R30,R0
                 	.ENDM
                 
                 	.MACRO __GETB2SX
                 	MOVW R26,R28
                 	SUBI R26,LOW(-@0)
                 	SBCI R27,HIGH(-@0)
                 	LD   R26,X
                 	.ENDM
                 
                 	.MACRO __GETW2SX
                 	MOVW R26,R28
                 	SUBI R26,LOW(-@0)
                 	SBCI R27,HIGH(-@0)
                 	LD   R0,X+
                 	LD   R27,X
                 	MOV  R26,R0
                 	.ENDM
                 
                 	.MACRO __GETD2SX
                 	MOVW R26,R28
                 	SUBI R26,LOW(-@0)
                 	SBCI R27,HIGH(-@0)
                 	LD   R0,X+
                 	LD   R1,X+
                 	LD   R24,X+
                 	LD   R25,X
                 	MOVW R26,R0
                 	.ENDM
                 
                 	.MACRO __GETBRSX
                 	MOVW R30,R28
                 	SUBI R30,LOW(-@1)
                 	SBCI R31,HIGH(-@1)
                 	LD   R@0,Z
                 	.ENDM
                 
                 	.MACRO __GETWRSX
                 	MOVW R30,R28
                 	SUBI R30,LOW(-@2)
                 	SBCI R31,HIGH(-@2)
                 	LD   R@0,Z+
                 	LD   R@1,Z
                 	.ENDM
                 
                 	.MACRO __GETBRSX2
                 	MOVW R26,R28
                 	SUBI R26,LOW(-@1)
                 	SBCI R27,HIGH(-@1)
                 	LD   R@0,X
                 	.ENDM
                 
                 	.MACRO __GETWRSX2
                 	MOVW R26,R28
                 	SUBI R26,LOW(-@2)
                 	SBCI R27,HIGH(-@2)
                 	LD   R@0,X+
                 	LD   R@1,X
                 	.ENDM
                 
                 	.MACRO __LSLW8SX
                 	MOVW R30,R28
                 	SUBI R30,LOW(-@0)
                 	SBCI R31,HIGH(-@0)
                 	LD   R31,Z
                 	CLR  R30
                 	.ENDM
                 
                 	.MACRO __PUTB1SX
                 	MOVW R26,R28
                 	SUBI R26,LOW(-@0)
                 	SBCI R27,HIGH(-@0)
                 	ST   X,R30
                 	.ENDM
                 
                 	.MACRO __PUTW1SX
                 	MOVW R26,R28
                 	SUBI R26,LOW(-@0)
                 	SBCI R27,HIGH(-@0)
                 	ST   X+,R30
                 	ST   X,R31
                 	.ENDM
                 
                 	.MACRO __PUTD1SX
                 	MOVW R26,R28
                 	SUBI R26,LOW(-@0)
                 	SBCI R27,HIGH(-@0)
                 	ST   X+,R30
                 	ST   X+,R31
                 	ST   X+,R22
                 	ST   X,R23
                 	.ENDM
                 
                 	.MACRO __CLRW1SX
                 	MOVW R26,R28
                 	SUBI R26,LOW(-@0)
                 	SBCI R27,HIGH(-@0)
                 	ST   X+,R30
                 	ST   X,R30
                 	.ENDM
                 
                 	.MACRO __CLRD1SX
                 	MOVW R26,R28
                 	SUBI R26,LOW(-@0)
                 	SBCI R27,HIGH(-@0)
                 	ST   X+,R30
                 	ST   X+,R30
                 	ST   X+,R30
                 	ST   X,R30
                 	.ENDM
                 
                 	.MACRO __PUTB2SX
                 	MOVW R30,R28
                 	SUBI R30,LOW(-@0)
                 	SBCI R31,HIGH(-@0)
                 	ST   Z,R26
                 	.ENDM
                 
                 	.MACRO __PUTW2SX
                 	MOVW R30,R28
                 	SUBI R30,LOW(-@0)
                 	SBCI R31,HIGH(-@0)
                 	ST   Z+,R26
                 	ST   Z,R27
                 	.ENDM
                 
                 	.MACRO __PUTD2SX
                 	MOVW R30,R28
                 	SUBI R30,LOW(-@0)
                 	SBCI R31,HIGH(-@0)
                 	ST   Z+,R26
                 	ST   Z+,R27
                 	ST   Z+,R24
                 	ST   Z,R25
                 	.ENDM
                 
                 	.MACRO __PUTBSRX
                 	MOVW R30,R28
                 	SUBI R30,LOW(-@1)
                 	SBCI R31,HIGH(-@1)
                 	ST   Z,R@0
                 	.ENDM
                 
                 	.MACRO __PUTWSRX
                 	MOVW R30,R28
                 	SUBI R30,LOW(-@2)
                 	SBCI R31,HIGH(-@2)
                 	ST   Z+,R@0
                 	ST   Z,R@1
                 	.ENDM
                 
                 	.MACRO __PUTB1SNX
                 	MOVW R26,R28
                 	SUBI R26,LOW(-@0)
                 	SBCI R27,HIGH(-@0)
                 	LD   R0,X+
                 	LD   R27,X
                 	MOV  R26,R0
                 	SUBI R26,LOW(-@1)
                 	SBCI R27,HIGH(-@1)
                 	ST   X,R30
                 	.ENDM
                 
                 	.MACRO __PUTW1SNX
                 	MOVW R26,R28
                 	SUBI R26,LOW(-@0)
                 	SBCI R27,HIGH(-@0)
                 	LD   R0,X+
                 	LD   R27,X
                 	MOV  R26,R0
                 	SUBI R26,LOW(-@1)
                 	SBCI R27,HIGH(-@1)
                 	ST   X+,R30
                 	ST   X,R31
                 	.ENDM
                 
                 	.MACRO __PUTD1SNX
                 	MOVW R26,R28
                 	SUBI R26,LOW(-@0)
                 	SBCI R27,HIGH(-@0)
                 	LD   R0,X+
                 	LD   R27,X
                 	MOV  R26,R0
                 	SUBI R26,LOW(-@1)
                 	SBCI R27,HIGH(-@1)
                 	ST   X+,R30
                 	ST   X+,R31
                 	ST   X+,R22
                 	ST   X,R23
                 	.ENDM
                 
                 	.MACRO __MULBRR
                 	MULS R@0,R@1
                 	MOVW R30,R0
                 	.ENDM
                 
                 	.MACRO __MULBRRU
                 	MUL  R@0,R@1
                 	MOVW R30,R0
                 	.ENDM
                 
                 	.MACRO __MULBRR0
                 	MULS R@0,R@1
                 	.ENDM
                 
                 	.MACRO __MULBRRU0
                 	MUL  R@0,R@1
                 	.ENDM
                 
                 	.MACRO __MULBNWRU
                 	LDI  R26,@2
                 	MUL  R26,R@0
                 	MOVW R30,R0
                 	MUL  R26,R@1
                 	ADD  R31,R0
                 	.ENDM
                 
                 ;NAME DEFINITIONS FOR GLOBAL VARIABLES ALLOCATED TO REGISTERS
                 	.DEF _S1=R4
                 	.DEF _H=R3
                 	.DEF _Z=R6
                 	.DEF _M=R5
                 	.DEF _S=R8
                 	.DEF _cnt_time=R7
                 	.DEF _T_SEC=R10
                 	.DEF _S2=R9
                 	.DEF _S_PULSE=R12
                 	.DEF _PULSE=R11
                 	.DEF _Q=R14
                 	.DEF _S3=R13
                 
                 ;GPIOR0 INITIALIZATION VALUE
                 	.EQU __GPIOR0_INIT=0x00
                 
                 	.CSEG
                 	.ORG 0x00
                 
                 ;START OF CODE MARKER
                 __START_OF_CODE:
                 
                 ;INTERRUPT VECTORS
000000 940c 00ad 	JMP  __RESET
000002 940c 0000 	JMP  0x00
000004 940c 0000 	JMP  0x00
000006 940c 0000 	JMP  0x00
000008 940c 0000 	JMP  0x00
00000a 940c 0000 	JMP  0x00
00000c 940c 0000 	JMP  0x00
00000e 940c 0000 	JMP  0x00
000010 940c 0000 	JMP  0x00
000012 940c 0000 	JMP  0x00
000014 940c 0000 	JMP  0x00
000016 940c 0000 	JMP  0x00
000018 940c 0000 	JMP  0x00
00001a 940c 0000 	JMP  0x00
00001c 940c 0000 	JMP  0x00
00001e 940c 0000 	JMP  0x00
000020 940c 0000 	JMP  0x00
000022 940c 0000 	JMP  0x00
000024 940c 00e5 	JMP  _timer0_ovf_isr
000026 940c 0000 	JMP  0x00
000028 940c 0000 	JMP  0x00
00002a 940c 0000 	JMP  0x00
00002c 940c 0000 	JMP  0x00
00002e 940c 0000 	JMP  0x00
000030 940c 0000 	JMP  0x00
000032 940c 0000 	JMP  0x00
000034 940c 0000 	JMP  0x00
000036 940c 0000 	JMP  0x00
000038 940c 0000 	JMP  0x00
00003a 940c 0000 	JMP  0x00
00003c 940c 0000 	JMP  0x00
                 
                 _DIGITS:
00003e f9c0
00003f b0a4
000040 9299
000041 f882      	.DB  0xC0,0xF9,0xA4,0xB0,0x99,0x92,0x82,0xF8
000042 9080      	.DB  0x80,0x90
                 
                 ;GLOBAL REGISTER VARIABLES INITIALIZATION
                 __REG_VARS:
000043 0000
000044 0000      	.DB  0x0,0x0,0x0,0x0
000045 0000      	.DB  0x0,0x0
                 
                 _0x3:
000046 005f
000047 0000
000048 0001
000049 0000      	.DB  0x5F,0x0,0x0,0x0,0x1,0x0,0x0,0x0
00004a 005f
00004b 0100
00004c 0001
00004d 0000      	.DB  0x5F,0x0,0x0,0x1,0x1,0x0,0x0,0x0
00004e 005f
00004f 0200
000050 0001
000051 0000      	.DB  0x5F,0x0,0x0,0x2,0x1,0x0,0x0,0x0
000052 005f
000053 0300
000054 0001
000055 0000      	.DB  0x5F,0x0,0x0,0x3,0x1,0x0,0x0,0x0
000056 005f
000057 0400
000058 0001
000059 0000      	.DB  0x5F,0x0,0x0,0x4,0x1,0x0,0x0,0x0
00005a 0000
00005b 2800      	.DB  0x0,0x0,0x0,0x28
                 _0x4:
00005c 0007
00005d 0000
00005e 0002
00005f 0000      	.DB  0x7,0x0,0x0,0x0,0x2,0x0,0x0,0x0
000060 0007
000061 0100
000062 0002
000063 0000      	.DB  0x7,0x0,0x0,0x1,0x2,0x0,0x0,0x0
000064 0007
000065 0200
000066 0002
000067 0000      	.DB  0x7,0x0,0x0,0x2,0x2,0x0,0x0,0x0
000068 0007
000069 0300
00006a 0002
00006b 0000      	.DB  0x7,0x0,0x0,0x3,0x2,0x0,0x0,0x0
00006c 0007
00006d 0400
00006e 0002
00006f 0000      	.DB  0x7,0x0,0x0,0x4,0x2,0x0,0x0,0x0
000070 0000
000071 2800
D:\GithubRepos\Electricity-Consumption-Meter\TestingProjects\ATmegaTests\MultiplexingTest\SourceCode\Release\List\main.asm(1151): warning: .cseg .db misalignment - padding zero byte
000072 0001      	.DB  0x0,0x0,0x0,0x28,0x1
                 _0x5:
000073 0000
000074 0100
000075 0000
000076 0000      	.DB  0x0,0x0,0x0,0x1,0x0,0x0,0x0,0x0
000077 0000
000078 0200
000079 0000
00007a 0000      	.DB  0x0,0x0,0x0,0x2,0x0,0x0,0x0,0x0
00007b 0000
00007c 0300
00007d 0000
00007e 0000      	.DB  0x0,0x0,0x0,0x3,0x0,0x0,0x0,0x0
00007f 0000
000080 0400
000081 0000
000082 0000      	.DB  0x0,0x0,0x0,0x4,0x0,0x0,0x0,0x0
000083 0000
000084 0500
000085 0003
000086 0000      	.DB  0x0,0x0,0x0,0x5,0x3,0x0,0x0,0x0
000087 0000
000088 2800
D:\GithubRepos\Electricity-Consumption-Meter\TestingProjects\ATmegaTests\MultiplexingTest\SourceCode\Release\List\main.asm(1158): warning: .cseg .db misalignment - padding zero byte
000089 0002      	.DB  0x0,0x0,0x0,0x28,0x2
                 _0x6:
00008a 0000
00008b 0000
00008c 0000
00008d 0000      	.DB  0x0,0x0,0x0,0x0,0x0,0x0,0x0,0x0
00008e 0000
00008f 2800
D:\GithubRepos\Electricity-Consumption-Meter\TestingProjects\ATmegaTests\MultiplexingTest\SourceCode\Release\List\main.asm(1161): warning: .cseg .db misalignment - padding zero byte
000090 0003      	.DB  0x0,0x0,0x0,0x28,0x3
                 _0x7:
000091 0100
000092 0302      	.DB  0x0,0x1,0x2,0x3
                 _0x8:
000093 0200
000094 0230
000095 0260
000096 0290      	.DB  LOW(_A0),HIGH(_A0),LOW(_A1),HIGH(_A1),LOW(_A2),HIGH(_A2),LOW(_A3),HIGH(_A3)
                 
                 __GLOBAL_INI_TBL:
000097 0006      	.DW  0x06
000098 0003      	.DW  0x03
000099 0086      	.DW  __REG_VARS*2
                 
00009a 002c      	.DW  0x2C
00009b 0200      	.DW  _A0
00009c 008c      	.DW  _0x3*2
                 
00009d 002d      	.DW  0x2D
00009e 0230      	.DW  _A1
00009f 00b8      	.DW  _0x4*2
                 
0000a0 002d      	.DW  0x2D
0000a1 0260      	.DW  _A2
0000a2 00e6      	.DW  _0x5*2
                 
0000a3 000d      	.DW  0x0D
0000a4 0290      	.DW  _A3
0000a5 0114      	.DW  _0x6*2
                 
0000a6 0004      	.DW  0x04
0000a7 02a0      	.DW  _Tout
0000a8 0122      	.DW  _0x7*2
                 
0000a9 0008      	.DW  0x08
0000aa 02a4      	.DW  _TABA
0000ab 0126      	.DW  _0x8*2
                 
                 _0xFFFFFFFF:
0000ac 0000      	.DW  0
                 
                 __RESET:
0000ad 94f8      	CLI
0000ae 27ee      	CLR  R30
0000af bbef      	OUT  EECR,R30
                 
                 ;INTERRUPT VECTORS ARE PLACED
                 ;AT THE START OF FLASH
0000b0 e0f1      	LDI  R31,1
0000b1 bff5      	OUT  MCUCR,R31
0000b2 bfe5      	OUT  MCUCR,R30
                 
                 ;DISABLE WATCHDOG
0000b3 e1f8      	LDI  R31,0x18
0000b4 95a8      	WDR
0000b5 b7a4      	IN   R26,MCUSR
0000b6 7fa7      	CBR  R26,8
0000b7 bfa4      	OUT  MCUSR,R26
0000b8 93f0 0060 	STS  WDTCSR,R31
0000ba 93e0 0060 	STS  WDTCSR,R30
                 
                 ;CLEAR R2-R14
0000bc e08d      	LDI  R24,(14-2)+1
0000bd e0a2      	LDI  R26,2
0000be 27bb      	CLR  R27
                 __CLEAR_REG:
0000bf 93ed      	ST   X+,R30
0000c0 958a      	DEC  R24
0000c1 f7e9      	BRNE __CLEAR_REG
                 
                 ;CLEAR SRAM
0000c2 e080      	LDI  R24,LOW(__CLEAR_SRAM_SIZE)
0000c3 e094      	LDI  R25,HIGH(__CLEAR_SRAM_SIZE)
0000c4 e0a0      	LDI  R26,LOW(__SRAM_START)
0000c5 e0b1      	LDI  R27,HIGH(__SRAM_START)
                 __CLEAR_SRAM:
0000c6 93ed      	ST   X+,R30
0000c7 9701      	SBIW R24,1
0000c8 f7e9      	BRNE __CLEAR_SRAM
                 
                 ;GLOBAL VARIABLES INITIALIZATION
0000c9 e2ee      	LDI  R30,LOW(__GLOBAL_INI_TBL*2)
0000ca e0f1      	LDI  R31,HIGH(__GLOBAL_INI_TBL*2)
                 __GLOBAL_INI_NEXT:
0000cb 9185      	LPM  R24,Z+
0000cc 9195      	LPM  R25,Z+
0000cd 9700      	SBIW R24,0
0000ce f061      	BREQ __GLOBAL_INI_END
0000cf 91a5      	LPM  R26,Z+
0000d0 91b5      	LPM  R27,Z+
0000d1 9005      	LPM  R0,Z+
0000d2 9015      	LPM  R1,Z+
0000d3 01bf      	MOVW R22,R30
0000d4 01f0      	MOVW R30,R0
                 __GLOBAL_INI_LOOP:
0000d5 9005      	LPM  R0,Z+
0000d6 920d      	ST   X+,R0
0000d7 9701      	SBIW R24,1
0000d8 f7e1      	BRNE __GLOBAL_INI_LOOP
0000d9 01fb      	MOVW R30,R22
0000da cff0      	RJMP __GLOBAL_INI_NEXT
                 __GLOBAL_INI_END:
                 
                 ;GPIOR0 INITIALIZATION
0000db e0e0      	LDI  R30,__GPIOR0_INIT
0000dc bbee      	OUT  GPIOR0,R30
                 
                 ;HARDWARE STACK POINTER INITIALIZATION
0000dd efef      	LDI  R30,LOW(__SRAM_END-__HEAP_SIZE)
0000de bfed      	OUT  SPL,R30
0000df e0e4      	LDI  R30,HIGH(__SRAM_END-__HEAP_SIZE)
0000e0 bfee      	OUT  SPH,R30
                 
                 ;DATA STACK POINTER INITIALIZATION
0000e1 e0c0      	LDI  R28,LOW(__SRAM_START+__DSTACK_SIZE)
0000e2 e0d2      	LDI  R29,HIGH(__SRAM_START+__DSTACK_SIZE)
                 
0000e3 940c 010d 	JMP  _main
                 
                 	.ESEG
                 	.ORG 0
                 
                 	.DSEG
                 	.ORG 0x200
                 
                 	.CSEG
                 ;/*******************************************************
                 ;This program was created by the CodeWizardAVR V3.49a
                 ;Automatic Program Generator
                 ;© Copyright 1998-2022 Pavel Haiduc, HP InfoTech S.R.L.
                 ;http://www.hpinfotech.ro
                 ;
                 ;Project :
                 ;Version :
                 ;Date    : 3/11/2023
                 ;Author  :
                 ;Company :
                 ;Comments:
                 ;
                 ;
                 ;Chip type               : ATmega164A
                 ;Program type            : Application
                 ;AVR Core Clock frequency: 10.000000 MHz
                 ;Memory model            : Small
                 ;External RAM size       : 0
                 ;Data Stack size         : 256
                 ;*******************************************************/
                 ;
                 ;// I/O Registers definitions
                 ;#include <mega164a.h>
                 	#ifndef __SLEEP_DEFINED__
                 	#define __SLEEP_DEFINED__
                 	.EQU __se_bit=0x01
                 	.EQU __sm_mask=0x0E
                 	.EQU __sm_powerdown=0x04
                 	.EQU __sm_powersave=0x06
                 	.EQU __sm_standby=0x0C
                 	.EQU __sm_ext_standby=0x0E
                 	.EQU __sm_adc_noise_red=0x02
                 	.SET power_ctrl_reg=smcr
                 	#endif
                 ;// #include <util/delay.h>
                 ;
                 ;// Useful definitions
                 ;// Numar perioade necesare duratei unui
                 ;// puls intreg (100 ms)
                 ;#define T 5
                 ;
                 ;// Numar de perioade necesare
                 ;// duratei unui puls pozitiv (cu durata 20 ms)
                 ;#define DP 1
                 ;
                 ;/// CLS definitions ///
                 ;char S1 = 0; // CLS state
                 ;const long int H1 = 95;
                 ;const long int H2 = 7;
                 ;
                 ;const long int Ter = 0x28000000;
                 ;
                 ;long int A0[]={0x00000000+H1, 1, 0x01000000+H1, 1, 0x02000000+H1, 1, 0x03000000+H1, 1, 0x04000000+H1, 1, Ter, 0};
                 
                 	.DSEG
                 ;long int A1[]={0x00000000+H2, 2, 0x01000000+H2, 2, 0x02000000+H2, 2, 0x03000000+H2, 2, 0x04000000+H2, 2, Ter, 1};
                 ;long int A2[]={0x01000000, 0, 0x02000000, 0, 0x03000000, 0, 0x04000000, 0, 0x05000000, 3, Ter, 2};
                 ;long int A3[]={0x00000000, 0, Ter, 3};
                 ;
                 ;char Tout[] = {0, 1, 2, 3};
                 ;long int *TABA[] = {A0, A1, A2, A3};
                 ;///////////////////////
                 ;
                 ;/// Time variables ///
                 ;char H = 0; //hour
                 ;char Z = 0; //day
                 ;char M = 0; //minutes
                 ;char S = 0; //seconds
                 ;/////////////////////
                 ;
                 ;
                 ;char cnt_time = 0; //contor de timp
                 ;char T_SEC; // numar de perioade necesare pentru a acoperi 1 sec
                 ;char S2; //starea de contorizare a PS-ului
                 ;
                 ;char S_PULSE;
                 ;
                 ;
                 ;////// Global variables ////////
                 ;// PULSE
                 ;char PULSE;
                 ;
                 ;// State variables ( Q -> consumption range,
                 ;// S1 -> consumption counting state,
                 ;// S3 -> display state)
                 ;char Q, S3;
                 ;
                 ;// Consumption array
                 ;char CONSUM[] = {0, 0, 0, 0};
                 ;
                 ;// Total consumption
                 ;char TOTAL_CONS = 0;
                 ;
                 ;// Digits
                 ;char C4, C3, C2, C1;
                 ;
                 ;// CA
                 ;char CA;
                 ;
                 ;// Digit patterns (CLC)
                 ;const char DIGITS[] = {
                 ;    0b11000000, // 0
                 ;    0b11111001, // 1
                 ;    0b10100100, // 2
                 ;    0b10110000, // 3
                 ;    0b10011001, // 4
                 ;    0b10010010, // 5
                 ;    0b10000010, // 6
                 ;    0b11111000, // 7
                 ;    0b10000000, // 8
                 ;    0b10010000  // 9
                 ;};
                 ;///////////////////////////////
                 ;
                 ;// Pulses contor
                 ;char cntP = 0;
                 ;
                 ;//// Function headers ////
                 ;void Init();
                 ;void UpdateConsumption();
                 ;void DisplayConsumption();
                 ;void DisplayDigit(char currentDisplay, char digit);
                 ;void UpdateTime();
                 ;void CLS();
                 ;void MockPULSE();
                 ;/////////////////////////
                 ;
                 ;
                 ;/////// SCI ///////
                 ;// Timer 0 overflow interrupt service routine
                 ;interrupt [TIM0_OVF] void timer0_ovf_isr(void)
                 ; 0000 0078 {
                 
                 	.CSEG
                 _timer0_ovf_isr:
0000e5 920a      	ST   -Y,R0
0000e6 921a      	ST   -Y,R1
0000e7 92fa      	ST   -Y,R15
0000e8 936a      	ST   -Y,R22
0000e9 937a      	ST   -Y,R23
0000ea 938a      	ST   -Y,R24
0000eb 939a      	ST   -Y,R25
0000ec 93aa      	ST   -Y,R26
0000ed 93ba      	ST   -Y,R27
0000ee 93ea      	ST   -Y,R30
0000ef 93fa      	ST   -Y,R31
0000f0 b7ef      	IN   R30,SREG
0000f1 93ea      	ST   -Y,R30
                 ; 0000 0079     // Reinitialize Timer 0 value
                 ; 0000 007A     TCNT0=0x3C;
0000f2 e3ec      	LDI  R30,LOW(60)
0000f3 bde6      	OUT  0x26,R30
                 ; 0000 007B 
                 ; 0000 007C     // Update CA
                 ; 0000 007D     CA = (PORTD & 0x20) >> 5;
0000f4 b1eb      	IN   R30,0xB
0000f5 72e0      	ANDI R30,LOW(0x20)
0000f6 e0f0      	LDI  R31,0
0000f7 95f5      	ASR  R31
0000f8 95e7      	ROR  R30
0000f9 940e 029a 	CALL __ASRW4
0000fb 93e0 02b5 	STS  _CA,R30
                 ; 0000 007E 
                 ; 0000 007F     // Update mock pulse
                 ; 0000 0080     MockPULSE();
0000fd d0a0      	RCALL _MockPULSE
                 ; 0000 0081 
                 ; 0000 0082     // Check for pulses coming from ADSP
                 ; 0000 0083     UpdateConsumption();
0000fe d075      	RCALL _UpdateConsumption
                 ; 0000 0084 
                 ; 0000 0085     // DisplayConsumption();
                 ; 0000 0086 
                 ; 0000 0087 }
0000ff 91e9      	LD   R30,Y+
000100 bfef      	OUT  SREG,R30
000101 91f9      	LD   R31,Y+
000102 91e9      	LD   R30,Y+
000103 91b9      	LD   R27,Y+
000104 91a9      	LD   R26,Y+
000105 9199      	LD   R25,Y+
000106 9189      	LD   R24,Y+
000107 9179      	LD   R23,Y+
000108 9169      	LD   R22,Y+
000109 90f9      	LD   R15,Y+
00010a 9019      	LD   R1,Y+
00010b 9009      	LD   R0,Y+
00010c 9518      	RETI
                 ;///////////////////
                 ;
                 ;void main(void)
                 ; 0000 008B {
                 _main:
                 ; 0000 008C // Declare your local variables here
                 ; 0000 008D 
                 ; 0000 008E // Crystal Oscillator division factor: 1
                 ; 0000 008F #pragma optsize-
                 ; 0000 0090 CLKPR=(1<<CLKPCE);
00010d e8e0      	LDI  R30,LOW(128)
00010e 93e0 0061 	STS  97,R30
                 ; 0000 0091 CLKPR=(0<<CLKPCE) | (0<<CLKPS3) | (0<<CLKPS2) | (0<<CLKPS1) | (0<<CLKPS0);
000110 e0e0      	LDI  R30,LOW(0)
000111 93e0 0061 	STS  97,R30
                 ; 0000 0092 #ifdef _OPTIMIZE_SIZE_
                 ; 0000 0093 #pragma optsize+
                 ; 0000 0094 #endif
                 ; 0000 0095 
                 ; 0000 0096 // Input/Output Ports initialization
                 ; 0000 0097 // Port A initialization
                 ; 0000 0098 // Function: Bit7=Out Bit6=In Bit5=In Bit4=In Bit3=In Bit2=In Bit1=In Bit0=In
                 ; 0000 0099 DDRA=(1<<DDA7) | (0<<DDA6) | (0<<DDA5) | (0<<DDA4) | (0<<DDA3) | (0<<DDA2) | (0<<DDA1) | (0<<DDA0);
000113 e8e0      	LDI  R30,LOW(128)
000114 b9e1      	OUT  0x1,R30
                 ; 0000 009A // State: Bit7=1 Bit6=P Bit5=P Bit4=P Bit3=P Bit2=P Bit1=P Bit0=P
                 ; 0000 009B PORTA=(1<<PORTA7) | (1<<PORTA6) | (1<<PORTA5) | (1<<PORTA4) | (1<<PORTA3) | (1<<PORTA2) | (1<<PORTA1) | (1<<PORTA0);
000115 efef      	LDI  R30,LOW(255)
000116 b9e2      	OUT  0x2,R30
                 ; 0000 009C 
                 ; 0000 009D // Port B initialization
                 ; 0000 009E // Function: Bit7=Out Bit6=Out Bit5=Out Bit4=Out Bit3=Out Bit2=Out Bit1=Out Bit0=Out
                 ; 0000 009F DDRB=(1<<DDB7) | (1<<DDB6) | (1<<DDB5) | (1<<DDB4) | (1<<DDB3) | (1<<DDB2) | (1<<DDB1) | (1<<DDB0);
000117 b9e4      	OUT  0x4,R30
                 ; 0000 00A0 // State: Bit7=1 Bit6=1 Bit5=1 Bit4=1 Bit3=1 Bit2=1 Bit1=1 Bit0=1
                 ; 0000 00A1 PORTB=(1<<PORTB7) | (1<<PORTB6) | (1<<PORTB5) | (1<<PORTB4) | (1<<PORTB3) | (1<<PORTB2) | (1<<PORTB1) | (1<<PORTB0);
000118 b9e5      	OUT  0x5,R30
                 ; 0000 00A2 
                 ; 0000 00A3 // Port C initialization
                 ; 0000 00A4 // Function: Bit7=Out Bit6=Out Bit5=Out Bit4=Out Bit3=Out Bit2=Out Bit1=Out Bit0=Out
                 ; 0000 00A5 DDRC=(1<<DDC7) | (1<<DDC6) | (1<<DDC5) | (1<<DDC4) | (1<<DDC3) | (1<<DDC2) | (1<<DDC1) | (1<<DDC0);
000119 b9e7      	OUT  0x7,R30
                 ; 0000 00A6 // State: Bit7=1 Bit6=1 Bit5=1 Bit4=1 Bit3=1 Bit2=1 Bit1=1 Bit0=1
                 ; 0000 00A7 PORTC=(1<<PORTC7) | (1<<PORTC6) | (1<<PORTC5) | (1<<PORTC4) | (1<<PORTC3) | (1<<PORTC2) | (1<<PORTC1) | (1<<PORTC0);
00011a b9e8      	OUT  0x8,R30
                 ; 0000 00A8 
                 ; 0000 00A9 // Port D initialization
                 ; 0000 00AA // Function: Bit7=In Bit6=In Bit5=Out Bit4=Out Bit3=Out Bit2=Out Bit1=Out Bit0=Out
                 ; 0000 00AB DDRD=(0<<DDD7) | (0<<DDD6) | (1<<DDD5) | (1<<DDD4) | (1<<DDD3) | (1<<DDD2) | (1<<DDD1) | (1<<DDD0);
00011b e3ef      	LDI  R30,LOW(63)
00011c b9ea      	OUT  0xA,R30
                 ; 0000 00AC // State: Bit7=T Bit6=T Bit5=1 Bit4=1 Bit3=1 Bit2=1 Bit1=1 Bit0=1
                 ; 0000 00AD PORTD=(0<<PORTD7) | (0<<PORTD6) | (1<<PORTD5) | (1<<PORTD4) | (1<<PORTD3) | (1<<PORTD2) | (1<<PORTD1) | (1<<PORTD0);
00011d b9eb      	OUT  0xB,R30
                 ; 0000 00AE 
                 ; 0000 00AF // Timer/Counter 0 initialization
                 ; 0000 00B0 // Clock source: System Clock
                 ; 0000 00B1 // Clock value: 9.766 kHz
                 ; 0000 00B2 // Mode: Normal top=0xFF
                 ; 0000 00B3 // OC0A output: Disconnected
                 ; 0000 00B4 // OC0B output: Disconnected
                 ; 0000 00B5 // Timer Period: 20.07 ms
                 ; 0000 00B6 TCCR0A=(0<<COM0A1) | (0<<COM0A0) | (0<<COM0B1) | (0<<COM0B0) | (0<<WGM01) | (0<<WGM00);
00011e e0e0      	LDI  R30,LOW(0)
00011f bde4      	OUT  0x24,R30
                 ; 0000 00B7 TCCR0B=(0<<WGM02) | (1<<CS02) | (0<<CS01) | (1<<CS00);
000120 e0e5      	LDI  R30,LOW(5)
000121 bde5      	OUT  0x25,R30
                 ; 0000 00B8 TCNT0=0x3C;
000122 e3ec      	LDI  R30,LOW(60)
000123 bde6      	OUT  0x26,R30
                 ; 0000 00B9 OCR0A=0x00;
000124 e0e0      	LDI  R30,LOW(0)
000125 bde7      	OUT  0x27,R30
                 ; 0000 00BA OCR0B=0x00;
000126 bde8      	OUT  0x28,R30
                 ; 0000 00BB 
                 ; 0000 00BC // Timer/Counter 1 initialization
                 ; 0000 00BD // Clock source: System Clock
                 ; 0000 00BE // Clock value: Timer1 Stopped
                 ; 0000 00BF // Mode: Normal top=0xFFFF
                 ; 0000 00C0 // OC1A output: Disconnected
                 ; 0000 00C1 // OC1B output: Disconnected
                 ; 0000 00C2 // Noise Canceler: Off
                 ; 0000 00C3 // Input Capture on Falling Edge
                 ; 0000 00C4 // Timer1 Overflow Interrupt: Off
                 ; 0000 00C5 // Input Capture Interrupt: Off
                 ; 0000 00C6 // Compare A Match Interrupt: Off
                 ; 0000 00C7 // Compare B Match Interrupt: Off
                 ; 0000 00C8 TCCR1A=(0<<COM1A1) | (0<<COM1A0) | (0<<COM1B1) | (0<<COM1B0) | (0<<WGM11) | (0<<WGM10);
000127 93e0 0080 	STS  128,R30
                 ; 0000 00C9 TCCR1B=(0<<ICNC1) | (0<<ICES1) | (0<<WGM13) | (0<<WGM12) | (0<<CS12) | (0<<CS11) | (0<<CS10);
000129 93e0 0081 	STS  129,R30
                 ; 0000 00CA TCNT1H=0x00;
00012b 93e0 0085 	STS  133,R30
                 ; 0000 00CB TCNT1L=0x00;
00012d 93e0 0084 	STS  132,R30
                 ; 0000 00CC ICR1H=0x00;
00012f 93e0 0087 	STS  135,R30
                 ; 0000 00CD ICR1L=0x00;
000131 93e0 0086 	STS  134,R30
                 ; 0000 00CE OCR1AH=0x00;
000133 93e0 0089 	STS  137,R30
                 ; 0000 00CF OCR1AL=0x00;
000135 93e0 0088 	STS  136,R30
                 ; 0000 00D0 OCR1BH=0x00;
000137 93e0 008b 	STS  139,R30
                 ; 0000 00D1 OCR1BL=0x00;
000139 93e0 008a 	STS  138,R30
                 ; 0000 00D2 
                 ; 0000 00D3 // Timer/Counter 2 initialization
                 ; 0000 00D4 // Clock source: System Clock
                 ; 0000 00D5 // Clock value: Timer2 Stopped
                 ; 0000 00D6 // Mode: Normal top=0xFF
                 ; 0000 00D7 // OC2A output: Disconnected
                 ; 0000 00D8 // OC2B output: Disconnected
                 ; 0000 00D9 ASSR=(0<<EXCLK) | (0<<AS2);
00013b 93e0 00b6 	STS  182,R30
                 ; 0000 00DA TCCR2A=(0<<COM2A1) | (0<<COM2A0) | (0<<COM2B1) | (0<<COM2B0) | (0<<WGM21) | (0<<WGM20);
00013d 93e0 00b0 	STS  176,R30
                 ; 0000 00DB TCCR2B=(0<<WGM22) | (0<<CS22) | (0<<CS21) | (0<<CS20);
00013f 93e0 00b1 	STS  177,R30
                 ; 0000 00DC TCNT2=0x00;
000141 93e0 00b2 	STS  178,R30
                 ; 0000 00DD OCR2A=0x00;
000143 93e0 00b3 	STS  179,R30
                 ; 0000 00DE OCR2B=0x00;
000145 93e0 00b4 	STS  180,R30
                 ; 0000 00DF 
                 ; 0000 00E0 // Timer/Counter 0 Interrupt(s) initialization
                 ; 0000 00E1 TIMSK0=(0<<OCIE0B) | (0<<OCIE0A) | (1<<TOIE0);
000147 e0e1      	LDI  R30,LOW(1)
000148 93e0 006e 	STS  110,R30
                 ; 0000 00E2 
                 ; 0000 00E3 // Timer/Counter 1 Interrupt(s) initialization
                 ; 0000 00E4 TIMSK1=(0<<ICIE1) | (0<<OCIE1B) | (0<<OCIE1A) | (0<<TOIE1);
00014a e0e0      	LDI  R30,LOW(0)
00014b 93e0 006f 	STS  111,R30
                 ; 0000 00E5 
                 ; 0000 00E6 // Timer/Counter 2 Interrupt(s) initialization
                 ; 0000 00E7 TIMSK2=(0<<OCIE2B) | (0<<OCIE2A) | (0<<TOIE2);
00014d 93e0 0070 	STS  112,R30
                 ; 0000 00E8 
                 ; 0000 00E9 // External Interrupt(s) initialization
                 ; 0000 00EA // INT0: Off
                 ; 0000 00EB // INT1: Off
                 ; 0000 00EC // INT2: Off
                 ; 0000 00ED // Interrupt on any change on pins PCINT0-7: Off
                 ; 0000 00EE // Interrupt on any change on pins PCINT8-15: Off
                 ; 0000 00EF // Interrupt on any change on pins PCINT16-23: Off
                 ; 0000 00F0 // Interrupt on any change on pins PCINT24-31: Off
                 ; 0000 00F1 EICRA=(0<<ISC21) | (0<<ISC20) | (0<<ISC11) | (0<<ISC10) | (0<<ISC01) | (0<<ISC00);
00014f 93e0 0069 	STS  105,R30
                 ; 0000 00F2 EIMSK=(0<<INT2) | (0<<INT1) | (0<<INT0);
000151 bbed      	OUT  0x1D,R30
                 ; 0000 00F3 PCICR=(0<<PCIE3) | (0<<PCIE2) | (0<<PCIE1) | (0<<PCIE0);
000152 93e0 0068 	STS  104,R30
                 ; 0000 00F4 
                 ; 0000 00F5 // USART0 initialization
                 ; 0000 00F6 // USART0 disabled
                 ; 0000 00F7 UCSR0B=(0<<RXCIE0) | (0<<TXCIE0) | (0<<UDRIE0) | (0<<RXEN0) | (0<<TXEN0) | (0<<UCSZ02) | (0<<RXB80) | (0<<TXB80);
000154 93e0 00c1 	STS  193,R30
                 ; 0000 00F8 
                 ; 0000 00F9 // USART1 initialization
                 ; 0000 00FA // USART1 disabled
                 ; 0000 00FB UCSR1B=(0<<RXCIE1) | (0<<TXCIE1) | (0<<UDRIE1) | (0<<RXEN1) | (0<<TXEN1) | (0<<UCSZ12) | (0<<RXB81) | (0<<TXB81);
000156 93e0 00c9 	STS  201,R30
                 ; 0000 00FC 
                 ; 0000 00FD // Analog Comparator initialization
                 ; 0000 00FE // Analog Comparator: Off
                 ; 0000 00FF // The Analog Comparator's positive input is
                 ; 0000 0100 // connected to the AIN0 pin
                 ; 0000 0101 // The Analog Comparator's negative input is
                 ; 0000 0102 // connected to the AIN1 pin
                 ; 0000 0103 ACSR=(1<<ACD) | (0<<ACBG) | (0<<ACO) | (0<<ACI) | (0<<ACIE) | (0<<ACIC) | (0<<ACIS1) | (0<<ACIS0);
000158 e8e0      	LDI  R30,LOW(128)
000159 bfe0      	OUT  0x30,R30
                 ; 0000 0104 ADCSRB=(0<<ACME);
00015a e0e0      	LDI  R30,LOW(0)
00015b 93e0 007b 	STS  123,R30
                 ; 0000 0105 // Digital input buffer on AIN0: On
                 ; 0000 0106 // Digital input buffer on AIN1: On
                 ; 0000 0107 DIDR1=(0<<AIN0D) | (0<<AIN1D);
00015d 93e0 007f 	STS  127,R30
                 ; 0000 0108 
                 ; 0000 0109 // ADC initialization
                 ; 0000 010A // ADC disabled
                 ; 0000 010B ADCSRA=(0<<ADEN) | (0<<ADSC) | (0<<ADATE) | (0<<ADIF) | (0<<ADIE) | (0<<ADPS2) | (0<<ADPS1) | (0<<ADPS0);
00015f 93e0 007a 	STS  122,R30
                 ; 0000 010C 
                 ; 0000 010D // SPI initialization
                 ; 0000 010E // SPI disabled
                 ; 0000 010F SPCR=(0<<SPIE) | (0<<SPE) | (0<<DORD) | (0<<MSTR) | (0<<CPOL) | (0<<CPHA) | (0<<SPR1) | (0<<SPR0);
000161 bdec      	OUT  0x2C,R30
                 ; 0000 0110 
                 ; 0000 0111 // TWI initialization
                 ; 0000 0112 // TWI disabled
                 ; 0000 0113 TWCR=(0<<TWEA) | (0<<TWSTA) | (0<<TWSTO) | (0<<TWEN) | (0<<TWIE);
000162 93e0 00bc 	STS  188,R30
                 ; 0000 0114 
                 ; 0000 0115 // Globally enable interrupts
                 ; 0000 0116 #asm("sei")
000164 9478      	sei
                 ; 0000 0117 
                 ; 0000 0118 // Initialize the device
                 ; 0000 0119 Init();
000165 d003      	RCALL _Init
                 ; 0000 011A 
                 ; 0000 011B while (1)
                 _0x9:
                 ; 0000 011C       {
                 ; 0000 011D       // Display the consumption
                 ; 0000 011E       DisplayConsumption();
000166 d046      	RCALL _DisplayConsumption
                 ; 0000 011F 
                 ; 0000 0120       // Wait for interruptions
                 ; 0000 0121       }
000167 cffe      	RJMP _0x9
                 ; 0000 0122 }
                 _0xC:
000168 cfff      	RJMP _0xC
                 ;
                 ;///// Function definitions /////
                 ;void Init()
                 ; 0000 0126 {
                 _Init:
                 ; 0000 0127     // Setting initial states = 0
                 ; 0000 0128     Q = S1 = S2 = S3 = S_PULSE = 0;
000169 e0e0      	LDI  R30,LOW(0)
00016a 2ece      	MOV  R12,R30
00016b 2ede      	MOV  R13,R30
00016c 2e9e      	MOV  R9,R30
00016d 2e4e      	MOV  R4,R30
00016e 2eee      	MOV  R14,R30
                 ; 0000 0129 
                 ; 0000 012A     // Turn off displays
                 ; 0000 012B     PORTC = 0xff;
00016f efef      	LDI  R30,LOW(255)
000170 b9e8      	OUT  0x8,R30
                 ; 0000 012C     PORTD = 0xff;
000171 b9eb      	OUT  0xB,R30
                 ; 0000 012D     PORTB = 0xff;
000172 b9e5      	OUT  0x5,R30
                 ; 0000 012E }
000173 9508      	RET
                 ;
                 ;void UpdateConsumption()
                 ; 0000 0131 {
                 _UpdateConsumption:
                 ; 0000 0132     // Identify PULSE
                 ; 0000 0133     // PULSE = PINA & 0x01;
                 ; 0000 0134 
                 ; 0000 0135     /* switch(S2)
                 ; 0000 0136     {
                 ; 0000 0137         case 0:
                 ; 0000 0138         {
                 ; 0000 0139             char cntP = 0;
                 ; 0000 013A 
                 ; 0000 013B             // PD6 -> Sending request from ADSP
                 ; 0000 013C             // PD7 -> Reading ack from ATmega164A
                 ; 0000 013D 
                 ; 0000 013E             // Check if sending request flag is up
                 ; 0000 013F             // (Receiving sending request on PD6)
                 ; 0000 0140             if (PORTD && 0x40)
                 ; 0000 0141             {
                 ; 0000 0142                 // Send reading ack
                 ; 0000 0143                 // (Sending ack on PD7)
                 ; 0000 0144                 PORTD |= 0x80;
                 ; 0000 0145 
                 ; 0000 0146                 // Going further to reading the pulses
                 ; 0000 0147                 S2 = 1;
                 ; 0000 0148             }
                 ; 0000 0149             break;
                 ; 0000 014A         }
                 ; 0000 014B         case 1:
                 ; 0000 014C         {
                 ; 0000 014D             // If PULSE is on, start counting
                 ; 0000 014E             if (PULSE)
                 ; 0000 014F             {
                 ; 0000 0150                 // Increment cntP
                 ; 0000 0151                 cntP += 1;
                 ; 0000 0152 
                 ; 0000 0153                 // Reset reading flag
                 ; 0000 0154                 PORTD &= 0x7f;
                 ; 0000 0155 
                 ; 0000 0156                 // Go further if the pulse period has passed,
                 ; 0000 0157                 // otherwise go back wait for sensding ack again.
                 ; 0000 0158                 S2 = (cntP == DP) ? 2 : 1;
                 ; 0000 0159             }
                 ; 0000 015A             break;
                 ; 0000 015B         }
                 ; 0000 015C         case 2:
                 ; 0000 015D         {
                 ; 0000 015E             if (~PULSE)
                 ; 0000 015F             {
                 ; 0000 0160                 // Update current consumption range
                 ; 0000 0161                 Q = CLS();
                 ; 0000 0162 
                 ; 0000 0163                 // Increment consumption
                 ; 0000 0164                 CONS[Q] += 1;
                 ; 0000 0165 
                 ; 0000 0166                 // Wait for another pulse
                 ; 0000 0167                 S2 = 0;
                 ; 0000 0168             }
                 ; 0000 0169             break;
                 ; 0000 016A         }
                 ; 0000 016B     } */
                 ; 0000 016C 
                 ; 0000 016D     switch(S2)
000174 2de9      	MOV  R30,R9
000175 e0f0      	LDI  R31,0
                 ; 0000 016E     {
                 ; 0000 016F         case 0:
000176 9730      	SBIW R30,0
000177 f489      	BRNE _0x10
                 ; 0000 0170         {
                 ; 0000 0171             // If PULSE is on, start counting
                 ; 0000 0172             if (PULSE)
000178 20bb      	TST  R11
000179 f071      	BREQ _0x11
                 ; 0000 0173             {
                 ; 0000 0174                 // Increment cntP
                 ; 0000 0175                 cntP += 1;
00017a 91e0 02b6 	LDS  R30,_cntP
00017c 5fef      	SUBI R30,-LOW(1)
00017d 93e0 02b6 	STS  _cntP,R30
                 ; 0000 0176 
                 ; 0000 0177                 // Reset reading flag
                 ; 0000 0178                 PORTD &= 0x7f;
00017f 985f      	CBI  0xB,7
                 ; 0000 0179 
                 ; 0000 017A                 // Go further if the pulse period has passed,
                 ; 0000 017B                 // otherwise go back wait for sensding ack again.
                 ; 0000 017C                 S2 = (cntP == DP) ? 1 : 0;
000180 91a0 02b6 	LDS  R26,_cntP
000182 30a1      	CPI  R26,LOW(0x1)
000183 f411      	BRNE _0x12
000184 e0e1      	LDI  R30,LOW(1)
000185 c001      	RJMP _0x13
                 _0x12:
000186 e0e0      	LDI  R30,LOW(0)
                 _0x13:
000187 2e9e      	MOV  R9,R30
                 ; 0000 017D             }
                 ; 0000 017E             break;
                 _0x11:
000188 c014      	RJMP _0xF
                 ; 0000 017F         }
                 ; 0000 0180         case 1:
                 _0x10:
000189 30e1      	CPI  R30,LOW(0x1)
00018a e0a0      	LDI  R26,HIGH(0x1)
00018b 07fa      	CPC  R31,R26
00018c f481      	BRNE _0xF
                 ; 0000 0181         {
                 ; 0000 0182             if (~PULSE)
00018d 2deb      	MOV  R30,R11
00018e 95e0      	COM  R30
00018f 30e0      	CPI  R30,0
000190 f061      	BREQ _0x16
                 ; 0000 0183             {
                 ; 0000 0184                 // Update current consumption range
                 ; 0000 0185                 CLS();
000191 d094      	RCALL _CLS
                 ; 0000 0186 
                 ; 0000 0187                 // Increment consumption
                 ; 0000 0188                 CONSUM[Q] += 1;
000192 2dae      	MOV  R26,R14
000193 e0b0      	LDI  R27,0
000194 55a4      	SUBI R26,LOW(-_CONSUM)
000195 4fbd      	SBCI R27,HIGH(-_CONSUM)
000196 91ec      	LD   R30,X
000197 5fef      	SUBI R30,-LOW(1)
000198 93ec      	ST   X,R30
                 ; 0000 0189 
                 ; 0000 018A                 // Wait for another pulse
                 ; 0000 018B                 S2 = 0;
000199 2499      	CLR  R9
                 ; 0000 018C                 cntP = 0;
00019a e0e0      	LDI  R30,LOW(0)
00019b 93e0 02b6 	STS  _cntP,R30
                 ; 0000 018D             }
                 ; 0000 018E             break;
                 _0x16:
                 ; 0000 018F         }
                 ; 0000 0190     }
                 _0xF:
                 ; 0000 0191 }
00019d 9508      	RET
                 ;
                 ;void MockPULSE()
                 ; 0000 0194 {
                 _MockPULSE:
                 ; 0000 0195      switch(S_PULSE)
00019e 2dec      	MOV  R30,R12
00019f e0f0      	LDI  R31,0
                 ; 0000 0196      {
                 ; 0000 0197         case 0:
0001a0 9730      	SBIW R30,0
0001a1 f421      	BRNE _0x1A
                 ; 0000 0198         {
                 ; 0000 0199             PULSE = 1;
0001a2 e0e1      	LDI  R30,LOW(1)
0001a3 2ebe      	MOV  R11,R30
                 ; 0000 019A             S_PULSE = 1;
0001a4 2ece      	MOV  R12,R30
                 ; 0000 019B             break;
0001a5 c006      	RJMP _0x19
                 ; 0000 019C         }
                 ; 0000 019D         case 1:
                 _0x1A:
0001a6 30e1      	CPI  R30,LOW(0x1)
0001a7 e0a0      	LDI  R26,HIGH(0x1)
0001a8 07fa      	CPC  R31,R26
0001a9 f411      	BRNE _0x19
                 ; 0000 019E         {
                 ; 0000 019F             PULSE = 0;
0001aa 24bb      	CLR  R11
                 ; 0000 01A0             S_PULSE = 0;
0001ab 24cc      	CLR  R12
                 ; 0000 01A1             break;
                 ; 0000 01A2         }
                 ; 0000 01A3      }
                 _0x19:
                 ; 0000 01A4 }
0001ac 9508      	RET
                 ;
                 ;void DisplayConsumption()
                 ; 0000 01A7 {
                 _DisplayConsumption:
                 ; 0000 01A8     // We assume:
                 ; 0000 01A9     // PORTC: PC0 - PC6 -> 7 segments (A-G)
                 ; 0000 01AA     // PORTD: PD0 - PD3 -> select the common cathode for each digit (multiplexing)
                 ; 0000 01AB               // PD3 - C4, PD2 - C3, PD1 - C2, PD0 - C1
                 ; 0000 01AC     // Q - consumption range:
                 ; 0000 01AD         // 0 -> 00:00 - H1:00
                 ; 0000 01AE         // 1 -> H1:00 - H2:00               (MON - FRI)
                 ; 0000 01AF         // 2 -> H2:00 - 00:00 (next day)
                 ; 0000 01B0         // 3 -> SAT - SUN
                 ; 0000 01B1 
                 ; 0000 01B2     // The actual approach:
                 ; 0000 01B3     // Each main loop iteration we multiplex the digits and display one at a time
                 ; 0000 01B4 
                 ; 0000 01B5     // If CA is pressed -> display total consumption,
                 ; 0000 01B6     // else -> display consumption based on current range.
                 ; 0000 01B7     char cons;
                 ; 0000 01B8     CA = 1;
0001ad 931a      	ST   -Y,R17
                 ;	cons -> R17
0001ae e0e1      	LDI  R30,LOW(1)
0001af 93e0 02b5 	STS  _CA,R30
                 ; 0000 01B9     cons = (!CA) ? TOTAL_CONS : CONSUM[Q];
0001b1 30e0      	CPI  R30,0
0001b2 f419      	BRNE _0x1C
0001b3 91e0 02b0 	LDS  R30,_TOTAL_CONS
0001b5 c005      	RJMP _0x1D
                 _0x1C:
0001b6 2dee      	MOV  R30,R14
0001b7 e0f0      	LDI  R31,0
0001b8 55e4      	SUBI R30,LOW(-_CONSUM)
0001b9 4ffd      	SBCI R31,HIGH(-_CONSUM)
0001ba 81e0      	LD   R30,Z
                 _0x1D:
0001bb 2f1e      	MOV  R17,R30
                 ; 0000 01BA 
                 ; 0000 01BB     // Compute and display C4
                 ; 0000 01BC     C4 = cons / 1000;
0001bc 2fa1      	MOV  R26,R17
0001bd e0b0      	LDI  R27,0
0001be eee8      	LDI  R30,LOW(1000)
0001bf e0f3      	LDI  R31,HIGH(1000)
0001c0 940e 02bb 	CALL __DIVW21
0001c2 93e0 02b1 	STS  _C4,R30
                 ; 0000 01BD     cons %= 1000;
0001c4 2fa1      	MOV  R26,R17
0001c5 27bb      	CLR  R27
0001c6 eee8      	LDI  R30,LOW(1000)
0001c7 e0f3      	LDI  R31,HIGH(1000)
0001c8 940e 02c0 	CALL __MODW21
0001ca 2f1e      	MOV  R17,R30
                 ; 0000 01BE     DisplayDigit(4, C4);
0001cb e0e4      	LDI  R30,LOW(4)
0001cc 93ea      	ST   -Y,R30
0001cd 91a0 02b1 	LDS  R26,_C4
0001cf d030      	RCALL _DisplayDigit
                 ; 0000 01BF 
                 ; 0000 01C0     // Compute and display C3
                 ; 0000 01C1     C3 = cons / 100;
0001d0 2fa1      	MOV  R26,R17
0001d1 e0b0      	LDI  R27,0
0001d2 e6e4      	LDI  R30,LOW(100)
0001d3 e0f0      	LDI  R31,HIGH(100)
0001d4 940e 02bb 	CALL __DIVW21
0001d6 93e0 02b2 	STS  _C3,R30
                 ; 0000 01C2     cons %= 100;
0001d8 2fa1      	MOV  R26,R17
0001d9 27bb      	CLR  R27
0001da e6e4      	LDI  R30,LOW(100)
0001db e0f0      	LDI  R31,HIGH(100)
0001dc 940e 02c0 	CALL __MODW21
0001de 2f1e      	MOV  R17,R30
                 ; 0000 01C3     DisplayDigit(3, C3);
0001df e0e3      	LDI  R30,LOW(3)
0001e0 93ea      	ST   -Y,R30
0001e1 91a0 02b2 	LDS  R26,_C3
0001e3 d01c      	RCALL _DisplayDigit
                 ; 0000 01C4 
                 ; 0000 01C5     // Compute and display C2
                 ; 0000 01C6     C2 = cons / 10;
0001e4 2fa1      	MOV  R26,R17
0001e5 e0b0      	LDI  R27,0
0001e6 e0ea      	LDI  R30,LOW(10)
0001e7 e0f0      	LDI  R31,HIGH(10)
0001e8 940e 02bb 	CALL __DIVW21
0001ea 93e0 02b3 	STS  _C2,R30
                 ; 0000 01C7     DisplayDigit(2, C2);
0001ec e0e2      	LDI  R30,LOW(2)
0001ed 93ea      	ST   -Y,R30
0001ee 91a0 02b3 	LDS  R26,_C2
0001f0 d00f      	RCALL _DisplayDigit
                 ; 0000 01C8 
                 ; 0000 01C9     // Compute and display C1
                 ; 0000 01CA     C1 = cons % 10;
0001f1 2fa1      	MOV  R26,R17
0001f2 27bb      	CLR  R27
0001f3 e0ea      	LDI  R30,LOW(10)
0001f4 e0f0      	LDI  R31,HIGH(10)
0001f5 940e 02c0 	CALL __MODW21
0001f7 93e0 02b4 	STS  _C1,R30
                 ; 0000 01CB     DisplayDigit(1, C1);
0001f9 e0e1      	LDI  R30,LOW(1)
0001fa 93ea      	ST   -Y,R30
0001fb 91a0 02b4 	LDS  R26,_C1
0001fd d002      	RCALL _DisplayDigit
                 ; 0000 01CC }
0001fe 9119      	LD   R17,Y+
0001ff 9508      	RET
                 ;
                 ;void DisplayDigit(char currentDisplay, char digit)
                 ; 0000 01CF {
                 _DisplayDigit:
                 ; 0000 01D0     // Select the desired display (turn on the pin
                 ; 0000 01D1     // corresponding to the desired digit (C4/C3/C2/C1)
                 ; 0000 01D2     char output = 0xff;
                 ; 0000 01D3 
                 ; 0000 01D4     // Set PORTC pins to the corresponding digit
                 ; 0000 01D5     // PORTC = DIGITS[digit];
                 ; 0000 01D6 
                 ; 0000 01D7     switch (currentDisplay)
000200 93aa      	ST   -Y,R26
000201 931a      	ST   -Y,R17
                 ;	currentDisplay -> Y+2
                 ;	digit -> Y+1
                 ;	output -> R17
000202 ef1f      	LDI  R17,255
000203 81ea      	LDD  R30,Y+2
000204 e0f0      	LDI  R31,0
                 ; 0000 01D8     {
                 ; 0000 01D9         case 4:
000205 30e4      	CPI  R30,LOW(0x4)
000206 e0a0      	LDI  R26,HIGH(0x4)
000207 07fa      	CPC  R31,R26
000208 f411      	BRNE _0x22
                 ; 0000 01DA             // Turn PD3 on
                 ; 0000 01DB             //output &= 0b11110111;
                 ; 0000 01DC             output &= 0b11111000;
000209 7f18      	ANDI R17,LOW(248)
                 ; 0000 01DD             break;
00020a c011      	RJMP _0x21
                 ; 0000 01DE         case 3:
                 _0x22:
00020b 30e3      	CPI  R30,LOW(0x3)
00020c e0a0      	LDI  R26,HIGH(0x3)
00020d 07fa      	CPC  R31,R26
00020e f411      	BRNE _0x23
                 ; 0000 01DF             // Turn PD2 on
                 ; 0000 01E0             // output &= 0b11111011;
                 ; 0000 01E1             output &= 0b11110100;
00020f 7f14      	ANDI R17,LOW(244)
                 ; 0000 01E2             break;
000210 c00b      	RJMP _0x21
                 ; 0000 01E3         case 2:
                 _0x23:
000211 30e2      	CPI  R30,LOW(0x2)
000212 e0a0      	LDI  R26,HIGH(0x2)
000213 07fa      	CPC  R31,R26
000214 f411      	BRNE _0x24
                 ; 0000 01E4             // Turn PD1 on
                 ; 0000 01E5             output &= 0b11110010;
000215 7f12      	ANDI R17,LOW(242)
                 ; 0000 01E6             break;
000216 c005      	RJMP _0x21
                 ; 0000 01E7         case 1:
                 _0x24:
000217 30e1      	CPI  R30,LOW(0x1)
000218 e0a0      	LDI  R26,HIGH(0x1)
000219 07fa      	CPC  R31,R26
00021a f409      	BRNE _0x21
                 ; 0000 01E8             // Turn PD0 on
                 ; 0000 01E9             output &= 0b11110001;
00021b 7f11      	ANDI R17,LOW(241)
                 ; 0000 01EA             break;
                 ; 0000 01EB     }
                 _0x21:
                 ; 0000 01EC 
                 ; 0000 01ED     // Assign output to PORTC in order to select the desired display;
                 ; 0000 01EE     PORTD = output;
00021c b91b      	OUT  0xB,R17
                 ; 0000 01EF 
                 ; 0000 01F0     // Set PORTC pins to the corresponding digit
                 ; 0000 01F1     PORTC = DIGITS[digit];
00021d 81e9      	LDD  R30,Y+1
00021e e0f0      	LDI  R31,0
00021f 58e4      	SUBI R30,LOW(-_DIGITS*2)
000220 4fff      	SBCI R31,HIGH(-_DIGITS*2)
000221 9004      	LPM  R0,Z
000222 b808      	OUT  0x8,R0
                 ; 0000 01F2 
                 ; 0000 01F3     // Add delay (10 us)
                 ; 0000 01F4     // _display_us(10);
                 ; 0000 01F5 }
000223 8118      	LDD  R17,Y+0
000224 9623      	ADIW R28,3
000225 9508      	RET
                 ;
                 ;
                 ;void UpdateTime(){
                 ; 0000 01F8 void UpdateTime(){
                 ; 0000 01F9     cnt_time += 1; //incrementare contor de timp
                 ; 0000 01FA     if(cnt_time != T_SEC) return;
                 ; 0000 01FB 
                 ; 0000 01FC     cnt_time = 0; // se reseteaza contorul
                 ; 0000 01FD     S+=1;  //incrementeaza contor secunde
                 ; 0000 01FE 
                 ; 0000 01FF     if(S!=60) return;
                 ; 0000 0200     S = 0;//se reseteaza nr de secunde
                 ; 0000 0201     M += 1; //incrementeaza contor minute
                 ; 0000 0202 
                 ; 0000 0203     if(M!=60) return;
                 ; 0000 0204     M = 0;
                 ; 0000 0205     H += 1;
                 ; 0000 0206 
                 ; 0000 0207     if(H!=24) return;
                 ; 0000 0208     H = 0;
                 ; 0000 0209     Z += 1;
                 ; 0000 020A 
                 ; 0000 020B     if (Z == 7) Z = 0;
                 ; 0000 020C     return;
                 ; 0000 020D }
                 ;
                 ;
                 ;
                 ;void CLS()
                 ; 0000 0212 {
                 _CLS:
                 ; 0000 0213     char out;
                 ; 0000 0214 
                 ; 0000 0215     //exemplu
                 ; 0000 0216     // Ziua 3, ora 8, min 6, sec 3
                 ; 0000 0217     // 0x03080603
                 ; 0000 0218     int now = (Z<<24) | (H<<16) | (M<<8) | S;
                 ; 0000 0219 
                 ; 0000 021A     long int *adr = TABA[Q];
                 ; 0000 021B     char ready = 0;
                 ; 0000 021C     int i = 0;
                 ; 0000 021D 
                 ; 0000 021E     while (!ready)
000226 9722      	SBIW R28,2
000227 e0e0      	LDI  R30,LOW(0)
000228 83e8      	ST   Y,R30
000229 83e9      	STD  Y+1,R30
00022a 940e 02eb 	CALL __SAVELOCR6
                 ;	out -> R17
                 ;	now -> R18,R19
                 ;	*adr -> R20,R21
                 ;	ready -> R16
                 ;	i -> Y+6
00022c 2da6      	MOV  R26,R6
00022d e0b0      	LDI  R27,0
00022e e1e8      	LDI  R30,LOW(24)
00022f 940e 028c 	CALL __LSLW12
000231 01bf      	MOVW R22,R30
000232 2da3      	MOV  R26,R3
000233 e0b0      	LDI  R27,0
000234 e1e0      	LDI  R30,LOW(16)
000235 940e 028c 	CALL __LSLW12
000237 2be6      	OR   R30,R22
000238 2bf7      	OR   R31,R23
000239 01df      	MOVW R26,R30
00023a 2df5      	MOV  R31,R5
00023b e0e0      	LDI  R30,LOW(0)
00023c 2bea      	OR   R30,R26
00023d 2bfb      	OR   R31,R27
00023e 01df      	MOVW R26,R30
00023f 2de8      	MOV  R30,R8
000240 e0f0      	LDI  R31,0
000241 2bea      	OR   R30,R26
000242 2bfb      	OR   R31,R27
000243 019f      	MOVW R18,R30
000244 2dee      	MOV  R30,R14
000245 eaa4      	LDI  R26,LOW(_TABA)
000246 e0b2      	LDI  R27,HIGH(_TABA)
000247 e0f0      	LDI  R31,0
000248 0fee      	LSL  R30
000249 1fff      	ROL  R31
00024a 0fae      	ADD  R26,R30
00024b 1fbf      	ADC  R27,R31
00024c 940e 02dc 	CALL __GETW1P
00024e 01af      	MOVW R20,R30
00024f e000      	LDI  R16,0
                 _0x2B:
000250 3000      	CPI  R16,0
000251 f519      	BRNE _0x2D
                 ; 0000 021F     {
                 ; 0000 0220         if (now == adr[i]) {
000252 d02b      	RCALL SUBOPT_0x0
000253 01d9      	MOVW R26,R18
000254 940e 02a3 	CALL __CWD2
000256 940e 02e6 	CALL __CPD12
000258 f459      	BRNE _0x2E
                 ; 0000 0221             Q = adr[i + 1];
000259 81ee      	LDD  R30,Y+6
00025a 81ff      	LDD  R31,Y+6+1
00025b 9631      	ADIW R30,1
00025c 01da      	MOVW R26,R20
00025d 940e 0295 	CALL __LSLW2
00025f 0fae      	ADD  R26,R30
000260 1fbf      	ADC  R27,R31
000261 90ec      	LD   R14,X
                 ; 0000 0222             ready = 1;  // ies din while
000262 e001      	LDI  R16,LOW(1)
                 ; 0000 0223         }
                 ; 0000 0224         else if (adr[i] == T) ready = 1;
000263 c010      	RJMP _0x2F
                 _0x2E:
000264 d019      	RCALL SUBOPT_0x0
                +
000265 30e5     +CPI R30 , LOW ( 0x5 )
000266 e0a0     +LDI R26 , HIGH ( 0x5 )
000267 07fa     +CPC R31 , R26
000268 e0a0     +LDI R26 , BYTE3 ( 0x5 )
000269 076a     +CPC R22 , R26
00026a e0a0     +LDI R26 , BYTE4 ( 0x5 )
00026b 077a     +CPC R23 , R26
                 	__CPD1N 0x5
00026c f411      	BRNE _0x30
00026d e001      	LDI  R16,LOW(1)
                 ; 0000 0225         else i = i+2;
00026e c005      	RJMP _0x31
                 _0x30:
00026f 81ee      	LDD  R30,Y+6
000270 81ff      	LDD  R31,Y+6+1
000271 9632      	ADIW R30,2
000272 83ee      	STD  Y+6,R30
000273 83ff      	STD  Y+6+1,R31
                 ; 0000 0226     }
                 _0x31:
                 _0x2F:
000274 cfdb      	RJMP _0x2B
                 _0x2D:
                 ; 0000 0227 
                 ; 0000 0228     out = Tout[Q];
000275 2dee      	MOV  R30,R14
000276 e0f0      	LDI  R31,0
000277 56e0      	SUBI R30,LOW(-_Tout)
000278 4ffd      	SBCI R31,HIGH(-_Tout)
000279 8110      	LD   R17,Z
                 ; 0000 0229 }
00027a 940e 02f2 	CALL __LOADLOCR6
00027c 9628      	ADIW R28,8
00027d 9508      	RET
                 ;
                 ;////////////////////////////////////////
                 
                 	.DSEG
                 _A0:
000200           	.BYTE 0x30
                 _A1:
000230           	.BYTE 0x30
                 _A2:
000260           	.BYTE 0x30
                 _A3:
000290           	.BYTE 0x10
                 _Tout:
0002a0           	.BYTE 0x4
                 _TABA:
0002a4           	.BYTE 0x8
                 _CONSUM:
0002ac           	.BYTE 0x4
                 _TOTAL_CONS:
0002b0           	.BYTE 0x1
                 _C4:
0002b1           	.BYTE 0x1
                 _C3:
0002b2           	.BYTE 0x1
                 _C2:
0002b3           	.BYTE 0x1
                 _C1:
0002b4           	.BYTE 0x1
                 _CA:
0002b5           	.BYTE 0x1
                 _cntP:
0002b6           	.BYTE 0x1
                 
                 	.CSEG
                 ;OPTIMIZER ADDED SUBROUTINE, CALLED 2 TIMES, CODE SIZE REDUCTION:4 WORDS
                 SUBOPT_0x0:
00027e 81ee      	LDD  R30,Y+6
00027f 81ff      	LDD  R31,Y+6+1
000280 01da      	MOVW R26,R20
000281 940e 0295 	CALL __LSLW2
000283 0fae      	ADD  R26,R30
000284 1fbf      	ADC  R27,R31
000285 940e 02e0 	CALL __GETD1P
000287 9508      	RET
                 
                 
                 	.CSEG
                 __ANEGW1:
000288 95f1      	NEG  R31
000289 95e1      	NEG  R30
00028a 40f0      	SBCI R31,0
00028b 9508      	RET
                 
                 __LSLW12:
00028c 23ee      	TST  R30
00028d 2e0e      	MOV  R0,R30
00028e 01fd      	MOVW R30,R26
00028f f021      	BREQ __LSLW12R
                 __LSLW12L:
000290 0fee      	LSL  R30
000291 1fff      	ROL  R31
000292 940a      	DEC  R0
000293 f7e1      	BRNE __LSLW12L
                 __LSLW12R:
000294 9508      	RET
                 
                 __LSLW2:
000295 0fee      	LSL  R30
000296 1fff      	ROL  R31
000297 0fee      	LSL  R30
000298 1fff      	ROL  R31
000299 9508      	RET
                 
                 __ASRW4:
00029a 95f5      	ASR  R31
00029b 95e7      	ROR  R30
                 __ASRW3:
00029c 95f5      	ASR  R31
00029d 95e7      	ROR  R30
                 __ASRW2:
00029e 95f5      	ASR  R31
00029f 95e7      	ROR  R30
0002a0 95f5      	ASR  R31
0002a1 95e7      	ROR  R30
0002a2 9508      	RET
                 
                 __CWD2:
0002a3 2f8b      	MOV  R24,R27
0002a4 0f88      	ADD  R24,R24
0002a5 0b88      	SBC  R24,R24
0002a6 2f98      	MOV  R25,R24
0002a7 9508      	RET
                 
                 __DIVW21U:
0002a8 2400      	CLR  R0
0002a9 2411      	CLR  R1
0002aa e190      	LDI  R25,16
                 __DIVW21U1:
0002ab 0faa      	LSL  R26
0002ac 1fbb      	ROL  R27
0002ad 1c00      	ROL  R0
0002ae 1c11      	ROL  R1
0002af 1a0e      	SUB  R0,R30
0002b0 0a1f      	SBC  R1,R31
0002b1 f418      	BRCC __DIVW21U2
0002b2 0e0e      	ADD  R0,R30
0002b3 1e1f      	ADC  R1,R31
0002b4 c001      	RJMP __DIVW21U3
                 __DIVW21U2:
0002b5 60a1      	SBR  R26,1
                 __DIVW21U3:
0002b6 959a      	DEC  R25
0002b7 f799      	BRNE __DIVW21U1
0002b8 01fd      	MOVW R30,R26
0002b9 01d0      	MOVW R26,R0
0002ba 9508      	RET
                 
                 __DIVW21:
0002bb d012      	RCALL __CHKSIGNW
0002bc dfeb      	RCALL __DIVW21U
0002bd f40e      	BRTC __DIVW211
0002be dfc9      	RCALL __ANEGW1
                 __DIVW211:
0002bf 9508      	RET
                 
                 __MODW21:
0002c0 94e8      	CLT
0002c1 ffb7      	SBRS R27,7
0002c2 c004      	RJMP __MODW211
0002c3 95a0      	COM  R26
0002c4 95b0      	COM  R27
0002c5 9611      	ADIW R26,1
0002c6 9468      	SET
                 __MODW211:
0002c7 fdf7      	SBRC R31,7
0002c8 dfbf      	RCALL __ANEGW1
0002c9 dfde      	RCALL __DIVW21U
0002ca 01fd      	MOVW R30,R26
0002cb f40e      	BRTC __MODW212
0002cc dfbb      	RCALL __ANEGW1
                 __MODW212:
0002cd 9508      	RET
                 
                 __CHKSIGNW:
0002ce 94e8      	CLT
0002cf fff7      	SBRS R31,7
0002d0 c002      	RJMP __CHKSW1
0002d1 dfb6      	RCALL __ANEGW1
0002d2 9468      	SET
                 __CHKSW1:
0002d3 ffb7      	SBRS R27,7
0002d4 c006      	RJMP __CHKSW2
0002d5 95a0      	COM  R26
0002d6 95b0      	COM  R27
0002d7 9611      	ADIW R26,1
0002d8 f800      	BLD  R0,0
0002d9 9403      	INC  R0
0002da fa00      	BST  R0,0
                 __CHKSW2:
0002db 9508      	RET
                 
                 __GETW1P:
0002dc 91ed      	LD   R30,X+
0002dd 91fc      	LD   R31,X
0002de 9711      	SBIW R26,1
0002df 9508      	RET
                 
                 __GETD1P:
0002e0 91ed      	LD   R30,X+
0002e1 91fd      	LD   R31,X+
0002e2 916d      	LD   R22,X+
0002e3 917c      	LD   R23,X
0002e4 9713      	SBIW R26,3
0002e5 9508      	RET
                 
                 __CPD12:
0002e6 17ea      	CP   R30,R26
0002e7 07fb      	CPC  R31,R27
0002e8 0768      	CPC  R22,R24
0002e9 0779      	CPC  R23,R25
0002ea 9508      	RET
                 
                 __SAVELOCR6:
0002eb 935a      	ST   -Y,R21
                 __SAVELOCR5:
0002ec 934a      	ST   -Y,R20
                 __SAVELOCR4:
0002ed 933a      	ST   -Y,R19
                 __SAVELOCR3:
0002ee 932a      	ST   -Y,R18
                 __SAVELOCR2:
0002ef 931a      	ST   -Y,R17
0002f0 930a      	ST   -Y,R16
0002f1 9508      	RET
                 
                 __LOADLOCR6:
0002f2 815d      	LDD  R21,Y+5
                 __LOADLOCR5:
0002f3 814c      	LDD  R20,Y+4
                 __LOADLOCR4:
0002f4 813b      	LDD  R19,Y+3
                 __LOADLOCR3:
0002f5 812a      	LDD  R18,Y+2
                 __LOADLOCR2:
0002f6 8119      	LDD  R17,Y+1
0002f7 8108      	LD   R16,Y
0002f8 9508      	RET
                 
                 ;END OF CODE MARKER
                 __END_OF_CODE:


RESOURCE USE INFORMATION
------------------------

Notice:
The register and instruction counts are symbol table hit counts,
and hence implicitly used resources are not counted, eg, the
'lpm' instruction without operands implicitly uses r0 and z,
none of which are counted.

x,y,z are separate entities in the symbol table and are
counted separately from r26..r31 here.

.dseg memory usage only counts static data declared with .byte

ATmega164A register use summary:
r0 :  18 r1 :   7 r2 :   0 r3 :   1 r4 :   1 r5 :   1 r6 :   1 r7 :   0 
r8 :   1 r9 :   4 r10:   0 r11:   4 r12:   4 r13:   1 r14:   6 r15:   2 
r16:   6 r17:  22 r18:   4 r19:   2 r20:   5 r21:   2 r22:   9 r23:   6 
r24:  16 r25:   8 r26:  67 r27:  28 r28:   4 r29:   1 r30: 201 r31:  61 
x  :  12 y  :  57 z  :  10 
Registers used: 32 out of 35 (91.4%)

ATmega164A instruction use summary:
.lds  :   0 .lds.l:   0 .sts  :   0 .sts.l:   0 adc   :   4 add   :   5 
adiw  :   6 and   :   0 andi  :   5 asr   :   5 bclr  :   0 bld   :   1 
brbc  :   0 brbs  :   0 brcc  :   1 brcs  :   0 break :   0 breq  :   4 
brge  :   0 brhc  :   0 brhs  :   0 brid  :   0 brie  :   0 brlo  :   0 
brlt  :   0 brmi  :   0 brne  :  18 brpl  :   0 brsh  :   0 brtc  :   2 
brts  :   0 brvc  :   0 brvs  :   0 bset  :   0 bst   :   1 call  :  17 
cbi   :   1 cbr   :   1 clc   :   0 clh   :   0 cli   :   1 cln   :   0 
clr   :  10 cls   :   0 clt   :   2 clv   :   0 clz   :   0 com   :   5 
cp    :   1 cpc   :  12 cpi   :  11 cpse  :   0 dec   :   3 des   :   0 
eor   :   0 fmul  :   0 fmuls :   0 fmulsu:   0 icall :   0 ijmp  :   0 
in    :   3 inc   :   1 jmp   :  32 ld    :  24 ldd   :  14 ldi   :  87 
lds   :   7 lpm   :   9 lsl   :   5 lsr   :   0 mov   :  31 movw  :  15 
mul   :   0 muls  :   0 mulsu :   0 neg   :   2 nop   :   0 or    :   6 
ori   :   0 out   :  30 pop   :   0 push  :   0 rcall :  18 ret   :  21 
reti  :   1 rjmp  :  17 rol   :   7 ror   :   5 sbc   :   2 sbci  :   5 
sbi   :   0 sbic  :   0 sbis  :   0 sbiw  :   8 sbr   :   1 sbrc  :   1 
sbrs  :   3 sec   :   0 seh   :   0 sei   :   1 sen   :   0 ser   :   0 
ses   :   0 set   :   2 sev   :   0 sez   :   0 sleep :   0 spm   :   0 
st    :  30 std   :   3 sts   :  39 sub   :   1 subi  :   6 swap  :   0 
tst   :   2 wdr   :   1 
Instructions used: 57 out of 116 (49.1%)

ATmega164A memory use summary [bytes]:
Segment   Begin    End      Code   Data   Used    Size   Use%
---------------------------------------------------------------
[.cseg] 0x000000 0x0005f2   1300    222   1522   16384   9.3%
[.dseg] 0x000100 0x0002b7      0    183    183    1024  17.9%
[.eseg] 0x000000 0x000000      0      0      0     512   0.0%

Assembly complete, 0 errors, 15 warnings
